Component: ARM Compiler 5.06 update 6 (build 750) Tool: armlink [4d35ed]

==============================================================================

Section Cross References

    main.o(i.BtnCallback) refers to main.o(i.wakeUp) for wakeUp
    main.o(i.BtnCallback) refers to nxp_lcd_driver.o(.data) for fWakeUpFromRTC
    main.o(i.FLASH_IRQHandler) refers to main.o(.data) for error
    main.o(i.SysTick_Config) refers to main.o(i.NVIC_SetPriority) for NVIC_SetPriority
    main.o(i.Voltage_Conversion) refers to fflti.o(.text) for __aeabi_i2f
    main.o(i.Voltage_Conversion) refers to fmul.o(x$fpl$fmul) for __aeabi_fmul
    main.o(i.batteryVoltageCon) refers to systick.o(i.systick_delayMs) for systick_delayMs
    main.o(i.batteryVoltageCon) refers to main.o(i.Voltage_Conversion) for Voltage_Conversion
    main.o(i.batteryVoltageCon) refers to fdiv.o(.text) for __aeabi_fdiv
    main.o(i.batteryVoltageCon) refers to faddsub.o(x$fpl$fadd) for __aeabi_fadd
    main.o(i.batteryVoltageCon) refers to f2d.o(.text) for __aeabi_f2d
    main.o(i.batteryVoltageCon) refers to daddsub.o(.text) for __aeabi_dadd
    main.o(i.batteryVoltageCon) refers to d2f.o(.text) for __aeabi_d2f
    main.o(i.batteryVoltageCon) refers to frlef.o(x$fpl$frleqf) for __aeabi_cfrcmple
    main.o(i.batteryVoltageCon) refers to dlef.o(x$fpl$dleqf) for __aeabi_cdcmple
    main.o(i.batteryVoltageCon) refers to selenoid.o(i.selenoidCon) for selenoidCon
    main.o(i.batteryVoltageCon) refers to main.o(.data) for adcSensReading
    main.o(i.batteryVoltageCon) refers to main.o(.bss) for batteryVoltageSample
    main.o(i.batteryVoltageCon) refers to nxp_lcd_driver.o(.data) for fBatteryReady
    main.o(i.batteryVoltageCon) refers to selenoid.o(.data) for fCloseRelay1
    main.o(i.cancelPrevIrr) refers to nxp_lcd_driver.o(.bss) for pendingRtcIrq
    main.o(i.celenderSort) refers to nxp_lcd_driver.o(.bss) for relayCelendar
    main.o(i.celenderSort) refers to nxp_lcd_driver.o(.data) for pendingRelay
    main.o(i.copyAndPasteSelSettings) refers to nxp_lcd_driver.o(.data) for fcopyAndPasteSelSettings
    main.o(i.main) refers to system_stm32l0xx.o(i.SystemInit) for SystemInit
    main.o(i.main) refers to hw.o(i.hw_initSysclock) for hw_initSysclock
    main.o(i.main) refers to system_stm32l0xx.o(i.SystemCoreClockUpdate) for SystemCoreClockUpdate
    main.o(i.main) refers to aeabi_sdiv.o(.text) for __aeabi_uidivmod
    main.o(i.main) refers to main.o(i.SysTick_Config) for SysTick_Config
    main.o(i.main) refers to hw.o(i.hw_init) for hw_init
    main.o(i.main) refers to selenoid.o(i.selenoid_init) for selenoid_init
    main.o(i.main) refers to selenoid.o(i.selenoid_sleep) for selenoid_sleep
    main.o(i.main) refers to selenoid.o(i.selenoid_disable) for selenoid_disable
    main.o(i.main) refers to main.o(i.UnlockPELOCK) for UnlockPELOCK
    main.o(i.main) refers to main.o(i.LockNVM) for LockNVM
    main.o(i.main) refers to rtc.o(i.Init_RTC) for Init_RTC
    main.o(i.main) refers to main.o(i.read_from_EEPROM) for read_from_EEPROM
    main.o(i.main) refers to i2c.o(i.I2C_Write_LCD) for I2C_Write_LCD
    main.o(i.main) refers to rtc.o(i.configureAlarmB) for configureAlarmB
    main.o(i.main) refers to main.o(i.recort_to_EEPROM) for recort_to_EEPROM
    main.o(i.main) refers to main.o(i.recort_password_to_EEPROM) for recort_password_to_EEPROM
    main.o(i.main) refers to main.o(i.erase_all_programs) for erase_all_programs
    main.o(i.main) refers to main.o(i.updateInvalidPassWord) for updateInvalidPassWord
    main.o(i.main) refers to button.o(i.butread) for butread
    main.o(i.main) refers to main.o(i.copyAndPasteSelSettings) for copyAndPasteSelSettings
    main.o(i.main) refers to nxp_lcd_driver.o(i.LCDBufferReset) for LCDBufferReset
    main.o(i.main) refers to nxp_lcd_driver.o(i.updateLCDBuffer) for updateLCDBuffer
    main.o(i.main) refers to i2c.o(i.I2C_Write) for I2C_Write
    main.o(i.main) refers to main.o(i.batteryVoltageCon) for batteryVoltageCon
    main.o(i.main) refers to main.o(i.manuelWorkCelender) for manuelWorkCelender
    main.o(i.main) refers to main.o(i.resetPendingRelay) for resetPendingRelay
    main.o(i.main) refers to main.o(i.manuelAllWorkCelender) for manuelAllWorkCelender
    main.o(i.main) refers to main.o(i.updateRTCAlarm) for updateRTCAlarm
    main.o(i.main) refers to main.o(i.programCelendar) for programCelendar
    main.o(i.main) refers to main.o(i.celenderSort) for celenderSort
    main.o(i.main) refers to main.o(i.cancelPrevIrr) for cancelPrevIrr
    main.o(i.main) refers to main.o(i.updateSelenoidPosition) for updateSelenoidPosition
    main.o(i.main) refers to selenoid.o(i.selenoidCon) for selenoidCon
    main.o(i.main) refers to main.o(i.sleepCon) for sleepCon
    main.o(i.main) refers to main.o(i.myWatchDogBOMB) for myWatchDogBOMB
    main.o(i.main) refers to system_stm32l0xx.o(.data) for SystemCoreClock
    main.o(i.main) refers to nxp_lcd_driver.o(.data) for fRecordtoEEPROM
[...]
    .data                                    0x200000b0   Section      604  nxp_lcd_driver.o(.data)
    .data                                    0x2000030c   Section        1  rtc.o(.data)
    .data                                    0x2000030d   Section       14  selenoid.o(.data)
    .data                                    0x2000031c   Section       64  systick.o(.data)
    .data                                    0x2000035c   Section        4  system_stm32l0xx.o(.data)
    .bss                                     0x20000360   Section       40  main.o(.bss)
    .bss                                     0x20000388   Section      580  nxp_lcd_driver.o(.bss)
    .bss                                     0x200005cc   Section       96  libspace.o(.bss)
    HEAP                                     0x20000630   Section      512  startup_stm32l053xx.o(HEAP)
    Heap_Mem                                 0x20000630   Data         512  startup_stm32l053xx.o(HEAP)
    STACK                                    0x20000830   Section     1024  startup_stm32l053xx.o(STACK)
    Stack_Mem                                0x20000830   Data        1024  startup_stm32l053xx.o(STACK)
    __initial_sp                             0x20000c30   Data           0  startup_stm32l053xx.o(STACK)

    Global Symbols

    Symbol Name                              Value     Ov Type        Size  Object(Section)

    BuildAttributes$$THM_ISAv3M$S$PE$A:L22$X:L11$S22$IEEE1$IW$USESV6$~STKCKD$USESV7$~SHL$OTIME$ROPI$IEEEJ$EBA8$UX$STANDARDLIB$REQ8$PRES8$EABIv2 0x00000000   Number         0  anon$$obj.o ABSOLUTE
    __ARM_use_no_argv                        0x00000000   Number         0  main.o ABSOLUTE
    __ARM_exceptions_init                     - Undefined Weak Reference
    __alloca_initialize                       - Undefined Weak Reference
    __arm_preinit_                            - Undefined Weak Reference
    __cpp_initialize__aeabi_                  - Undefined Weak Reference
    __cxa_finalize                            - Undefined Weak Reference
    __sigvec_lookup                           - Undefined Weak Reference
    _atexit_init                              - Undefined Weak Reference
    _call_atexit_fns                          - Undefined Weak Reference
    _clock_init                               - Undefined Weak Reference
    _fp_trap_init                             - Undefined Weak Reference
    _fp_trap_shutdown                         - Undefined Weak Reference
    _get_lc_collate                           - Undefined Weak Reference
    _get_lc_monetary                          - Undefined Weak Reference
    _get_lc_numeric                           - Undefined Weak Reference
    _get_lc_time                              - Undefined Weak Reference
    _getenv_init                              - Undefined Weak Reference
    _handle_redirection                       - Undefined Weak Reference
    _init_alloc                               - Undefined Weak Reference
    _init_user_alloc                          - Undefined Weak Reference
    _initio                                   - Undefined Weak Reference
    _printf_post_padding                      - Undefined Weak Reference
    _printf_pre_padding                       - Undefined Weak Reference
    _printf_truncate_signed                   - Undefined Weak Reference
    _printf_truncate_unsigned                 - Undefined Weak Reference
    _rand_init                                - Undefined Weak Reference
    _signal_finish                            - Undefined Weak Reference
    _signal_init                              - Undefined Weak Reference
    _terminate_alloc                          - Undefined Weak Reference
    _terminate_user_alloc                     - Undefined Weak Reference
    _terminateio                              - Undefined Weak Reference
    __Vectors_Size                           0x000000c0   Number         0  startup_stm32l053xx.o ABSOLUTE
    __Vectors                                0x08000000   Data           4  startup_stm32l053xx.o(RESET)
    __Vectors_End                            0x080000c0   Data           0  startup_stm32l053xx.o(RESET)
    __main                                   0x080000c1   Thumb Code     8  __main.o(!!!main)
    __scatterload                            0x080000c9   Thumb Code     0  __scatter.o(!!!scatter)
    __scatterload_rt2                        0x080000c9   Thumb Code    52  __scatter.o(!!!scatter)
    __scatterload_rt2_thumb_only             0x080000c9   Thumb Code     0  __scatter.o(!!!scatter)
    __scatterload_null                       0x080000d9   Thumb Code     0  __scatter.o(!!!scatter)
    __scatterload_zeroinit                   0x08000105   Thumb Code    28  __scatter_zi.o(!!handler_zi)
    _printf_percent                          0x08000121   Thumb Code     0  _printf_percent.o(.ARM.Collect$$_printf_percent$$00000000)
    _printf_d                                0x08000123   Thumb Code     0  _printf_d.o(.ARM.Collect$$_printf_percent$$00000009)
    _printf_percent_end                      0x0800012d   Thumb Code     0  _printf_percent_end.o(.ARM.Collect$$_printf_percent$$00000017)
    __rt_lib_init                            0x08000131   Thumb Code     0  libinit.o(.ARM.Collect$$libinit$$00000000)
    __rt_lib_init_fp_1                       0x08000133   Thumb Code     0  libinit2.o(.ARM.Collect$$libinit$$00000002)
    __rt_lib_init_heap_1                     0x08000133   Thumb Code     0  libinit2.o(.ARM.Collect$$libinit$$0000000A)
    __rt_lib_init_lc_common                  0x08000133   Thumb Code     0  libinit2.o(.ARM.Collect$$libinit$$0000000F)
    __rt_lib_init_preinit_1                  0x08000133   Thumb Code     0  libinit2.o(.ARM.Collect$$libinit$$00000004)
    __rt_lib_init_rand_1                     0x08000133   Thumb Code     0  libinit2.o(.ARM.Collect$$libinit$$0000000E)
    __rt_lib_init_user_alloc_1               0x08000133   Thumb Code     0  libinit2.o(.ARM.Collect$$libinit$$0000000C)
    __rt_lib_init_lc_collate_1               0x08000139   Thumb Code     0  libinit2.o(.ARM.Collect$$libinit$$00000011)
    __rt_lib_init_lc_ctype_2                 0x08000139   Thumb Code     0  libinit2.o(.ARM.Collect$$libinit$$00000012)
    __rt_lib_init_alloca_1                   0x08000145   Thumb Code     0  libinit2.o(.ARM.Collect$$libinit$$0000002E)
    __rt_lib_init_argv_1                     0x08000145   Thumb Code     0  libinit2.o(.ARM.Collect$$libinit$$0000002C)
    __rt_lib_init_atexit_1                   0x08000145   Thumb Code     0  libinit2.o(.ARM.Collect$$libinit$$0000001B)
    __rt_lib_init_clock_1                    0x08000145   Thumb Code     0  libinit2.o(.ARM.Collect$$libinit$$00000021)
    __rt_lib_init_cpp_1                      0x08000145   Thumb Code     0  libinit2.o(.ARM.Collect$$libinit$$00000032)
    __rt_lib_init_exceptions_1               0x08000145   Thumb Code     0  libinit2.o(.ARM.Collect$$libinit$$00000030)
    __rt_lib_init_fp_trap_1                  0x08000145   Thumb Code     0  libinit2.o(.ARM.Collect$$libinit$$0000001F)
    __rt_lib_init_getenv_1                   0x08000145   Thumb Code     0  libinit2.o(.ARM.Collect$$libinit$$00000023)
    __rt_lib_init_lc_ctype_1                 0x08000145   Thumb Code     0  libinit2.o(.ARM.Collect$$libinit$$00000013)
    __rt_lib_init_lc_monetary_1              0x08000145   Thumb Code     0  libinit2.o(.ARM.Collect$$libinit$$00000015)
    __rt_lib_init_lc_numeric_1               0x08000145   Thumb Code     0  libinit2.o(.ARM.Collect$$libinit$$00000017)
    __rt_lib_init_lc_time_1                  0x08000145   Thumb Code     0  libinit2.o(.ARM.Collect$$libinit$$00000019)
    __rt_lib_init_return                     0x08000145   Thumb Code     0  libinit2.o(.ARM.Collect$$libinit$$00000033)
    __rt_lib_init_signal_1                   0x08000145   Thumb Code     0  libinit2.o(.ARM.Collect$$libinit$$0000001D)
    __rt_lib_init_stdio_1                    0x08000145   Thumb Code     0  libinit2.o(.ARM.Collect$$libinit$$00000025)
    __rt_lib_shutdown                        0x08000147   Thumb Code     0  libshutdown.o(.ARM.Collect$$libshutdown$$00000000)
    __rt_lib_shutdown_cpp_1                  0x08000149   Thumb Code     0  libshutdown2.o(.ARM.Collect$$libshutdown$$00000002)
    __rt_lib_shutdown_fp_trap_1              0x08000149   Thumb Code     0  libshutdown2.o(.ARM.Collect$$libshutdown$$00000007)
    __rt_lib_shutdown_heap_1                 0x08000149   Thumb Code     0  libshutdown2.o(.ARM.Collect$$libshutdown$$0000000F)
    __rt_lib_shutdown_return                 0x08000149   Thumb Code     0  libshutdown2.o(.ARM.Collect$$libshutdown$$00000010)
    __rt_lib_shutdown_signal_1               0x08000149   Thumb Code     0  libshutdown2.o(.ARM.Collect$$libshutdown$$0000000A)
    __rt_lib_shutdown_stdio_1                0x08000149   Thumb Code     0  libshutdown2.o(.ARM.Collect$$libshutdown$$00000004)
    __rt_lib_shutdown_user_alloc_1           0x08000149   Thumb Code     0  libshutdown2.o(.ARM.Collect$$libshutdown$$0000000C)
    __rt_entry                               0x0800014b   Thumb Code     0  __rtentry.o(.ARM.Collect$$rtentry$$00000000)
    __rt_entry_presh_1                       0x0800014b   Thumb Code     0  __rtentry2.o(.ARM.Collect$$rtentry$$00000002)
    __rt_entry_sh                            0x0800014b   Thumb Code     0  __rtentry4.o(.ARM.Collect$$rtentry$$00000004)
    __rt_entry_li                            0x08000151   Thumb Code     0  __rtentry2.o(.ARM.Collect$$rtentry$$0000000A)
    __rt_entry_postsh_1                      0x08000151   Thumb Code     0  __rtentry2.o(.ARM.Collect$$rtentry$$00000009)
    __rt_entry_main                          0x08000155   Thumb Code     0  __rtentry2.o(.ARM.Collect$$rtentry$$0000000D)
    __rt_entry_postli_1                      0x08000155   Thumb Code     0  __rtentry2.o(.ARM.Collect$$rtentry$$0000000C)
    __rt_exit                                0x0800015d   Thumb Code     0  rtexit.o(.ARM.Collect$$rtexit$$00000000)
    __rt_exit_ls                             0x0800015f   Thumb Code     0  rtexit2.o(.ARM.Collect$$rtexit$$00000003)
    __rt_exit_prels_1                        0x0800015f   Thumb Code     0  rtexit2.o(.ARM.Collect$$rtexit$$00000002)
    __rt_exit_exit                           0x08000163   Thumb Code     0  rtexit2.o(.ARM.Collect$$rtexit$$00000004)
    Reset_Handler                            0x08000169   Thumb Code     8  startup_stm32l053xx.o(.text)
    ADC1_COMP_IRQHandler                     0x0800017b   Thumb Code     0  startup_stm32l053xx.o(.text)
    DMA1_Channel1_IRQHandler                 0x0800017b   Thumb Code     0  startup_stm32l053xx.o(.text)
    DMA1_Channel2_3_IRQHandler               0x0800017b   Thumb Code     0  startup_stm32l053xx.o(.text)
    DMA1_Channel4_5_6_7_IRQHandler           0x0800017b   Thumb Code     0  startup_stm32l053xx.o(.text)
    EXTI2_3_IRQHandler                       0x0800017b   Thumb Code     0  startup_stm32l053xx.o(.text)
    EXTI4_15_IRQHandler                      0x0800017b   Thumb Code     0  startup_stm32l053xx.o(.text)
    I2C2_IRQHandler                          0x0800017b   Thumb Code     0  startup_stm32l053xx.o(.text)
    LCD_IRQHandler                           0x0800017b   Thumb Code     0  startup_stm32l053xx.o(.text)
    LPTIM1_IRQHandler                        0x0800017b   Thumb Code     0  startup_stm32l053xx.o(.text)
    PVD_IRQHandler                           0x0800017b   Thumb Code     0  startup_stm32l053xx.o(.text)
    RNG_LPUART1_IRQHandler                   0x0800017b   Thumb Code     0  startup_stm32l053xx.o(.text)
    SPI1_IRQHandler                          0x0800017b   Thumb Code     0  startup_stm32l053xx.o(.text)
    SPI2_IRQHandler                          0x0800017b   Thumb Code     0  startup_stm32l053xx.o(.text)
    TIM21_IRQHandler                         0x0800017b   Thumb Code     0  startup_stm32l053xx.o(.text)
    TIM22_IRQHandler                         0x0800017b   Thumb Code     0  startup_stm32l053xx.o(.text)
    TIM2_IRQHandler                          0x0800017b   Thumb Code     0  startup_stm32l053xx.o(.text)
    TIM6_DAC_IRQHandler                      0x0800017b   Thumb Code     0  startup_stm32l053xx.o(.text)
    TSC_IRQHandler                           0x0800017b   Thumb Code     0  startup_stm32l053xx.o(.text)
    USART1_IRQHandler                        0x0800017b   Thumb Code     0  startup_stm32l053xx.o(.text)
    USART2_IRQHandler                        0x0800017b   Thumb Code     0  startup_stm32l053xx.o(.text)
    USB_IRQHandler                           0x0800017b   Thumb Code     0  startup_stm32l053xx.o(.text)
    WWDG_IRQHandler                          0x0800017b   Thumb Code     0  startup_stm32l053xx.o(.text)
    __user_initial_stackheap                 0x0800017d   Thumb Code     0  startup_stm32l053xx.o(.text)
    toupper                                  0x080001a1   Thumb Code    30  toupper.o(.text)
    __2sprintf                               0x080001c1   Thumb Code    36  noretval__2sprintf.o(.text)
    __printf                                 0x080001e9   Thumb Code   108  __printf.o(.text)
    _printf_int_dec                          0x08000255   Thumb Code    90  _printf_dec.o(.text)
    __aeabi_assert                           0x080002c1   Thumb Code    82  assert.o(.text)
    __assert                                 0x080002c1   Thumb Code     0  assert.o(.text)
    __aeabi_uidiv                            0x0800033d   Thumb Code     0  aeabi_sdiv.o(.text)
    __aeabi_uidivmod                         0x0800033d   Thumb Code    20  aeabi_sdiv.o(.text)
    __aeabi_idiv                             0x08000351   Thumb Code     0  aeabi_sdiv.o(.text)
    __aeabi_idivmod                          0x08000351   Thumb Code   326  aeabi_sdiv.o(.text)
    __use_two_region_memory                  0x08000497   Thumb Code     2  heapauxi.o(.text)
    __rt_heap_escrow$2region                 0x08000499   Thumb Code     2  heapauxi.o(.text)
    __rt_heap_expand$2region                 0x0800049b   Thumb Code     2  heapauxi.o(.text)
    __aeabi_d2f                              0x0800049d   Thumb Code     0  d2f.o(.text)
    _d2f                                     0x0800049d   Thumb Code   120  d2f.o(.text)
    __aeabi_dadd                             0x08000811   Thumb Code     0  daddsub.o(.text)
    _dadd                                    0x08000811   Thumb Code    26  daddsub.o(.text)
    __aeabi_dsub                             0x0800082b   Thumb Code     0  daddsub.o(.text)
    _dsub                                    0x0800082b   Thumb Code    22  daddsub.o(.text)
    __aeabi_drsub                            0x08000841   Thumb Code     0  daddsub.o(.text)
    _drsb                                    0x08000841   Thumb Code    28  daddsub.o(.text)
    __aeabi_ddiv                             0x08000871   Thumb Code     0  ddiv.o(.text)
    _ddiv                                    0x08000871   Thumb Code  1072  ddiv.o(.text)
    _drdiv                                   0x08000ca1   Thumb Code    20  ddiv.o(.text)
    __aeabi_d2uiz                            0x08000cb9   Thumb Code     0  dfixui.o(.text)
    _dfixu                                   0x08000cb9   Thumb Code    68  dfixui.o(.text)
    __aeabi_f2d                              0x08000d01   Thumb Code     0  f2d.o(.text)
    _f2d                                     0x08000d01   Thumb Code    80  f2d.o(.text)
    __aeabi_fdiv                             0x08000d55   Thumb Code     0  fdiv.o(.text)
    _fdiv                                    0x08000d55   Thumb Code   334  fdiv.o(.text)
    _frdiv                                   0x08000ea3   Thumb Code     8  fdiv.o(.text)
    __aeabi_i2f_normalise                    0x08000eb5   Thumb Code    72  fflti.o(.text)
    __aeabi_i2f                              0x08000efd   Thumb Code    16  fflti.o(.text)
    _fflt                                    0x08000efd   Thumb Code     0  fflti.o(.text)
    __aeabi_ui2f                             0x08000f0d   Thumb Code     6  fflti.o(.text)
    _ffltu                                   0x08000f0d   Thumb Code     0  fflti.o(.text)
    __rt_ctype_table                         0x08000f15   Thumb Code    16  rt_ctype_table.o(.text)
    _printf_int_common                       0x08000f25   Thumb Code   176  _printf_intcommon.o(.text)
    _printf_char_common                      0x08000fdf   Thumb Code    32  _printf_char_common.o(.text)
    _sputc                                   0x08001005   Thumb Code    10  _sputc.o(.text)
    abort                                    0x0800100f   Thumb Code    20  abort.o(.text)
    __assert_puts                            0x08001023   Thumb Code    20  assert_puts.o(.text)
    __rt_udiv10                              0x08001037   Thumb Code    40  rtudiv10.o(.text)
    __fpl_dcmp_InfNaN                        0x08001061   Thumb Code   140  dcmpin.o(.text)
    __fpl_fcmp_InfNaN                        0x080010f1   Thumb Code    96  fcmpin.o(.text)
    _ttywrch                                 0x08001155   Thumb Code    12  sys_wrch.o(.text)
    _sys_exit                                0x08001161   Thumb Code     8  sys_exit.o(.text)
    __rt_locale                              0x0800116d   Thumb Code     8  rt_locale_intlibspace.o(.text)
    __rt_SIGABRT                             0x08001175   Thumb Code    12  defsig_abrt_outer.o(.text)
    __fpl_cmpreturn                          0x08001181   Thumb Code    46  cmpret.o(.text)
    __fpl_dcheck_NaN2                        0x080011b1   Thumb Code    14  dnan2.o(.text)
    __fpl_fcheck_NaN2                        0x080011c5   Thumb Code    10  fnan2.o(.text)
    __user_libspace                          0x080011d5   Thumb Code     8  libspace.o(.text)
    __user_perproc_libspace                  0x080011d5   Thumb Code     0  libspace.o(.text)
    __user_perthread_libspace                0x080011d5   Thumb Code     0  libspace.o(.text)
    __I$use$semihosting                      0x080011dd   Thumb Code     0  use_no_semi.o(.text)
    __use_no_semihosting_swi                 0x080011dd   Thumb Code     2  use_no_semi.o(.text)
    __semihosting_library_function           0x080011df   Thumb Code     0  indicate_semi.o(.text)
    __user_setup_stackheap                   0x080011df   Thumb Code    62  sys_stackheap_outer.o(.text)
    exit                                     0x0800121d   Thumb Code    16  exit.o(.text)
    __sig_exit                               0x0800122d   Thumb Code    12  defsig_exit.o(.text)
    __rt_SIGABRT_inner                       0x08001239   Thumb Code    14  defsig_abrt_inner.o(.text)
    strcmp                                   0x08001269   Thumb Code   132  strcmp.o(.text)
    __fpl_return_NaN                         0x080012f1   Thumb Code    94  retnan.o(.text)
    __default_signal_display                 0x0800134f   Thumb Code    52  defsig_general.o(.text)
    __decompress                             0x08001383   Thumb Code     0  __dczerorl2.o(.text)
    __decompress1                            0x08001383   Thumb Code    86  __dczerorl2.o(.text)
    BtnCallback                              0x080013d9   Thumb Code    18  main.o(i.BtnCallback)
    CalibrateADC                             0x080013f1   Thumb Code    84  adc.o(i.CalibrateADC)
    ConfigureADC                             0x0800144d   Thumb Code    70  adc.o(i.ConfigureADC)
    Configure_DBG                            0x0800149d   Thumb Code    52  button.o(i.Configure_DBG)
    Configure_EXTI                           0x080014e1   Thumb Code    62  button.o(i.Configure_EXTI)
    DelayValueAdjust                         0x0800152d   Thumb Code   114  button.o(i.DelayValueAdjust)
    DisableADC                               0x080015ad   Thumb Code   108  adc.o(i.DisableADC)
    EXTI0_1_IRQHandler                       0x08001621   Thumb Code    42  interrupt.o(i.EXTI0_1_IRQHandler)
    EepromErase                              0x08001655   Thumb Code    36  main.o(i.EepromErase)
    EnableADC                                0x0800167d   Thumb Code    72  adc.o(i.EnableADC)
    FLASH_IRQHandler                         0x080016cd   Thumb Code   288  main.o(i.FLASH_IRQHandler)
    HardFault_Handler                        0x080017f5   Thumb Code    26  interrupt.o(i.HardFault_Handler)
    I2C1_IRQHandler                          0x08001819   Thumb Code     6  interrupt.o(i.I2C1_IRQHandler)
    I2C_Init                                 0x08001825   Thumb Code   244  i2c.o(i.I2C_Init)
    I2C_Write                                0x08001931   Thumb Code   206  i2c.o(i.I2C_Write)
    I2C_Write_LCD                            0x08001a09   Thumb Code   216  i2c.o(i.I2C_Write_LCD)
    IncAndFwdLPrs                            0x08001ae9   Thumb Code    44  button.o(i.IncAndFwdLPrs)
    Init_RTC                                 0x08001b29   Thumb Code   250  rtc.o(i.Init_RTC)
    LCDBufferReset                           0x08001c35   Thumb Code    20  nxp_lcd_driver.o(i.LCDBufferReset)
    LCDPowerOFF                              0x08001c4d   Thumb Code    22  nxp_lcd_driver.o(i.LCDPowerOFF)
    LCDPowerON                               0x08001c69   Thumb Code    12  nxp_lcd_driver.o(i.LCDPowerON)
    LockNVM                                  0x08001c79   Thumb Code    42  main.o(i.LockNVM)
    ManuelALLWorkDurationAdjust              0x08001cad   Thumb Code    56  button.o(i.ManuelALLWorkDurationAdjust)
    ManuelWorkDurationAdjust                 0x08001ce9   Thumb Code   108  button.o(i.ManuelWorkDurationAdjust)
    NMI_Handler                              0x08001d5d   Thumb Code     2  interrupt.o(i.NMI_Handler)
    PendSV_Handler                           0x08001fe1   Thumb Code     2  interrupt.o(i.PendSV_Handler)
    RCC_CRS_IRQHandler                       0x08001fe5   Thumb Code    24  interrupt.o(i.RCC_CRS_IRQHandler)
    RTC_IRQHandler                           0x08002001   Thumb Code   228  interrupt.o(i.RTC_IRQHandler)
    Reset_I2C                                0x08002125   Thumb Code    38  i2c.o(i.Reset_I2C)
    SVC_Handler                              0x08002151   Thumb Code     2  interrupt.o(i.SVC_Handler)
    SelenoidStartTime_1_HourAdjust           0x08002155   Thumb Code   124  button.o(i.SelenoidStartTime_1_HourAdjust)
    SelenoidStartTime_1_MinuteAdjust         0x080021d9   Thumb Code   124  button.o(i.SelenoidStartTime_1_MinuteAdjust)
    SelenoidStartTime_2_HourAdjust           0x0800225d   Thumb Code   328  button.o(i.SelenoidStartTime_2_HourAdjust)
    SelenoidStartTime_2_MinuteAdjust         0x080023b1   Thumb Code   328  button.o(i.SelenoidStartTime_2_MinuteAdjust)
    SelenoidStartTime_3_HourAdjust           0x08002505   Thumb Code   328  button.o(i.SelenoidStartTime_3_HourAdjust)
    SelenoidStartTime_3_MinuteAdjust         0x08002659   Thumb Code   328  button.o(i.SelenoidStartTime_3_MinuteAdjust)
    SelenoidStartTime_4_HourAdjust           0x080027ad   Thumb Code   328  button.o(i.SelenoidStartTime_4_HourAdjust)
    SelenoidStartTime_4_MinuteAdjust         0x08002901   Thumb Code   328  button.o(i.SelenoidStartTime_4_MinuteAdjust)
    SetClockForADC                           0x08002a55   Thumb Code    16  adc.o(i.SetClockForADC)
    SysTick_Handler                          0x08002a9d   Thumb Code     8  interrupt.o(i.SysTick_Handler)
    SystemCoreClockUpdate                    0x08002aa5   Thumb Code   230  system_stm32l0xx.o(i.SystemCoreClockUpdate)
    SystemInit                               0x08002ba1   Thumb Code    74  system_stm32l0xx.o(i.SystemInit)
    UnlockPELOCK                             0x08002bfd   Thumb Code    52  main.o(i.UnlockPELOCK)
    Voltage_Conversion                       0x08002c41   Thumb Code    28  main.o(i.Voltage_Conversion)
    __ARM_common_switch8                     0x08002c61   Thumb Code    28  nxp_lcd_driver.o(i.__ARM_common_switch8)
    adc_bat_read_disable                     0x08002c7d   Thumb Code    14  adc.o(i.adc_bat_read_disable)
    adc_bat_read_enable                      0x08002c8b   Thumb Code    14  adc.o(i.adc_bat_read_enable)
    adc_con_pins_init                        0x08002c99   Thumb Code    46  hw.o(i.adc_con_pins_init)
    adc_sens_read_disable                    0x08002cd1   Thumb Code    14  adc.o(i.adc_sens_read_disable)
    anyButtonPressed                         0x08002ce1   Thumb Code    54  button.o(i.anyButtonPressed)
    arrangeGPIOforSleep                      0x08002d45   Thumb Code   616  hw.o(i.arrangeGPIOforSleep)
    backbprs                                 0x08002fbd   Thumb Code   892  button.o(i.backbprs)
    batteryVoltageCon                        0x08003421   Thumb Code   310  main.o(i.batteryVoltageCon)
    bcd2cnv                                  0x080035c5   Thumb Code    34  button.o(i.bcd2cnv)
    btn_isr                                  0x080035e9   Thumb Code    52  btn.o(i.btn_isr)
    btn_registerCallback                     0x08003629   Thumb Code    68  btn.o(i.btn_registerCallback)
    butread                                  0x080036d9   Thumb Code  1592  button.o(i.butread)
    button_init                              0x08003d81   Thumb Code    72  button.o(i.button_init)
    cancelPrevIrr                            0x08003dd5   Thumb Code    54  main.o(i.cancelPrevIrr)
    ceil                                     0x08003e15   Thumb Code   180  ceil.o(i.ceil)
    celenderSort                             0x08003edd   Thumb Code   172  main.o(i.celenderSort)
    checkFactoryKey                          0x08003f95   Thumb Code   392  button.o(i.checkFactoryKey)
    checkPasword                             0x08004171   Thumb Code   176  button.o(i.checkPasword)
    clearAllDetailAdjustment                 0x08004249   Thumb Code   120  button.o(i.clearAllDetailAdjustment)
    closeRelay1                              0x08004335   Thumb Code    42  selenoid.o(i.closeRelay1)
    closeRelay2                              0x08004369   Thumb Code    42  selenoid.o(i.closeRelay2)
    closeRelay3                              0x0800439d   Thumb Code    42  selenoid.o(i.closeRelay3)
    closeRelay4                              0x080043d1   Thumb Code    42  selenoid.o(i.closeRelay4)
    closeRelay5                              0x08004405   Thumb Code    42  selenoid.o(i.closeRelay5)
    closeRelay6                              0x08004439   Thumb Code    42  selenoid.o(i.closeRelay6)
    closeRelay7                              0x0800446d   Thumb Code    42  selenoid.o(i.closeRelay7)
    configureAlarmA                          0x080044a1   Thumb Code   122  rtc.o(i.configureAlarmA)
    configureAlarmB                          0x08004529   Thumb Code   122  rtc.o(i.configureAlarmB)
    copyAndPasteSelSettings                  0x080045b1   Thumb Code   416  main.o(i.copyAndPasteSelSettings)
    dbAndIncLPrs                             0x0800476d   Thumb Code    58  button.o(i.dbAndIncLPrs)
    dbprs                                    0x080047c1   Thumb Code  1364  button.o(i.dbprs)
    dow                                      0x08004d2d   Thumb Code    30  button.o(i.dow)
    erase_all_programs                       0x08004d4d   Thumb Code   328  main.o(i.erase_all_programs)
    forwardbprs                              0x08004ebd   Thumb Code  1724  button.o(i.forwardbprs)
    fwdAndBckPrs                             0x080055e9   Thumb Code   130  button.o(i.fwdAndBckPrs)
    gpio_init                                0x080056b9   Thumb Code   308  gpio.o(i.gpio_init)
    hw_init                                  0x080058f9   Thumb Code   336  hw.o(i.hw_init)
    hw_initSysclock                          0x08005a4d   Thumb Code    36  hw.o(i.hw_initSysclock)
    ibprs                                    0x08005a79   Thumb Code  1492  button.o(i.ibprs)
    incAndBckLPrs                            0x08006089   Thumb Code    40  button.o(i.incAndBckLPrs)
    leap                                     0x080060c5   Thumb Code    44  button.o(i.leap)
    main                                     0x080060f1   Thumb Code   666  main.o(i.main)
    manuelAllWorkCelender                    0x08006405   Thumb Code  2308  main.o(i.manuelAllWorkCelender)
    manuelWorkCelender                       0x08006d11   Thumb Code   518  main.o(i.manuelWorkCelender)
    mbprs                                    0x08006f85   Thumb Code   196  button.o(i.mbprs)
    myWatchDogBOMB                           0x0800707d   Thumb Code   166  main.o(i.myWatchDogBOMB)
    nxpInit                                  0x08007131   Thumb Code   140  nxp_lcd_driver.o(i.nxpInit)
    openRelay1                               0x080071cd   Thumb Code    30  selenoid.o(i.openRelay1)
    openRelay2                               0x080071eb   Thumb Code    30  selenoid.o(i.openRelay2)
    openRelay3                               0x08007209   Thumb Code    26  selenoid.o(i.openRelay3)
    openRelay4                               0x08007223   Thumb Code    30  selenoid.o(i.openRelay4)
    openRelay5                               0x08007241   Thumb Code    30  selenoid.o(i.openRelay5)
    openRelay6                               0x0800725f   Thumb Code    30  selenoid.o(i.openRelay6)
    openRelay7                               0x0800727d   Thumb Code    30  selenoid.o(i.openRelay7)
    passwordAdjust                           0x0800729d   Thumb Code    76  button.o(i.passwordAdjust)
    producerPassAdj                          0x080072ed   Thumb Code    76  button.o(i.producerPassAdj)
    programCelendar                          0x0800733d   Thumb Code    46  main.o(i.programCelendar)
    read_from_EEPROM                         0x0800736d   Thumb Code   464  main.o(i.read_from_EEPROM)
    recort_password_to_EEPROM                0x08007569   Thumb Code   124  main.o(i.recort_password_to_EEPROM)
    recort_to_EEPROM                         0x08007601   Thumb Code   488  main.o(i.recort_to_EEPROM)
    resetPendingRelay                        0x08007811   Thumb Code   134  main.o(i.resetPendingRelay)
    selectedSelenoidUpdate                   0x0800789d   Thumb Code    56  button.o(i.selectedSelenoidUpdate)
    selenoidCon                              0x080078d9   Thumb Code   928  selenoid.o(i.selenoidCon)
    selenoidWorkDurAdj                       0x08007cd1   Thumb Code   108  button.o(i.selenoidWorkDurAdj)
    selenoid_disable                         0x08007d45   Thumb Code    14  selenoid.o(i.selenoid_disable)
    selenoid_enable                          0x08007d53   Thumb Code    14  selenoid.o(i.selenoid_enable)
    selenoid_init                            0x08007d61   Thumb Code   150  selenoid.o(i.selenoid_init)
    selenoid_sleep                           0x08007e05   Thumb Code    12  selenoid.o(i.selenoid_sleep)
    selenoid_wakeup                          0x08007e15   Thumb Code    12  selenoid.o(i.selenoid_wakeup)
    sevenSegCode                             0x08007e25   Thumb Code   252  nxp_lcd_driver.o(i.sevenSegCode)
    sleepCon                                 0x08007f21   Thumb Code   532  main.o(i.sleepCon)
    systick_delayMs                          0x08008191   Thumb Code    18  systick.o(i.systick_delayMs)
    systick_irq                              0x080081a9   Thumb Code  1364  systick.o(i.systick_irq)
    updateBatLevelDigit                      0x0800873d   Thumb Code   160  nxp_lcd_driver.o(i.updateBatLevelDigit)
    updateDay                                0x0800880d   Thumb Code   460  button.o(i.updateDay)
    updateHour                               0x080089fd   Thumb Code   206  button.o(i.updateHour)
    updateInvalidPassWord                    0x08008ae9   Thumb Code    46  main.o(i.updateInvalidPassWord)
    updateLCDBuffer                          0x08008b29   Thumb Code 13722  nxp_lcd_driver.o(i.updateLCDBuffer)
    updateMinute                             0x0800c0fd   Thumb Code   206  button.o(i.updateMinute)
    updateMonth                              0x0800c1e9   Thumb Code   246  button.o(i.updateMonth)
    updateRTCAlarm                           0x0800c301   Thumb Code  1226  main.o(i.updateRTCAlarm)
    updateRelayCelendar                      0x0800c7d1   Thumb Code  1326  main.o(i.updateRelayCelendar)
    updateSelenoidPosition                   0x0800cd11   Thumb Code   510  main.o(i.updateSelenoidPosition)
    updateYear                               0x0800cfa5   Thumb Code   244  button.o(i.updateYear)
    wakeUp                                   0x0800d0bd   Thumb Code   304  main.o(i.wakeUp)
    zeller                                   0x0800d241   Thumb Code    68  button.o(i.zeller)
    _get_lc_ctype                            0x0800d285   Thumb Code    44  lc_ctype_c.o(locale$$code)
    __aeabi_cdcmple                          0x0800d2b1   Thumb Code     0  dlef.o(x$fpl$dleqf)
    _dcmple                                  0x0800d2b1   Thumb Code    94  dlef.o(x$fpl$dleqf)
    __aeabi_cdrcmple                         0x0800d315   Thumb Code     0  drlef.o(x$fpl$drleqf)
    _drcmple                                 0x0800d315   Thumb Code   100  drlef.o(x$fpl$drleqf)
    __aeabi_fadd                             0x0800d37d   Thumb Code     0  faddsub.o(x$fpl$fadd)
    _fadd                                    0x0800d37d   Thumb Code   134  faddsub.o(x$fpl$fadd)
    __aeabi_fmul                             0x0800d409   Thumb Code     0  fmul.o(x$fpl$fmul)
    _fmul                                    0x0800d409   Thumb Code   172  fmul.o(x$fpl$fmul)
    __aeabi_cfrcmple                         0x0800d4b9   Thumb Code     0  frlef.o(x$fpl$frleqf)
    _frcmple                                 0x0800d4b9   Thumb Code    84  frlef.o(x$fpl$frleqf)
    __aeabi_fsub                             0x0800d511   Thumb Code     0  faddsub.o(x$fpl$fsub)
    _fsub                                    0x0800d511   Thumb Code   204  faddsub.o(x$fpl$fsub)
    __I$use$fp                               0x0800d5e0   Number         0  usenofp.o(x$fpl$usenofp)
    AHBPrescTable                            0x0800d600   Data          16  system_stm32l0xx.o(.constdata)
    APBPrescTable                            0x0800d610   Data           8  system_stm32l0xx.o(.constdata)
    PLLMulTable                              0x0800d618   Data           9  system_stm32l0xx.o(.constdata)
    Region$$Table$$Base                      0x0800d6e4   Number         0  anon$$obj.o(Region$$Table)
    Region$$Table$$Limit                     0x0800d704   Number         0  anon$$obj.o(Region$$Table)
    __ctype                                  0x0800d711   Data           0  lc_ctype_c.o(locale$$data)
    error                                    0x20000000   Data           2  main.o(.data)
    digcnt                                   0x20000004   Data           4  main.o(.data)
    testingMode                              0x20000008   Data           4  main.o(.data)
    adcSensReading                           0x2000000c   Data           4  main.o(.data)
    activeProgram                            0x20000010   Data           1  main.o(.data)
    readBatteryVoltage                       0x20000014   Data           4  main.o(.data)
    batteryRecordCnt                         0x20000018   Data           4  main.o(.data)
    butdat                                   0x20000024   Data           1  button.o(.data)
    prvdat                                   0x20000025   Data           1  button.o(.data)
    button                                   0x20000026   Data           1  button.o(.data)
    prvbut                                   0x20000027   Data           1  button.o(.data)
    presdb                                   0x20000028   Data           1  button.o(.data)
    vdcnt                                    0x20000029   Data           1  button.o(.data)
    lvdcnt                                   0x2000002a   Data           1  button.o(.data)
    lvd2cnt                                  0x2000002b   Data           1  button.o(.data)
    currentTime                              0x200000b0   Data           4  nxp_lcd_driver.o(.data)
    secondUnits                              0x200000b4   Data           4  nxp_lcd_driver.o(.data)
    secondTens                               0x200000b8   Data           4  nxp_lcd_driver.o(.data)
    minuteUnits                              0x200000bc   Data           4  nxp_lcd_driver.o(.data)
    minuteTens                               0x200000c0   Data           4  nxp_lcd_driver.o(.data)
    hourUnits                                0x200000c4   Data           4  nxp_lcd_driver.o(.data)
    hourTens                                 0x200000c8   Data           4  nxp_lcd_driver.o(.data)
    myWatchDogCnt                            0x200000cc   Data           4  nxp_lcd_driver.o(.data)
    afterWakeUpCnt                           0x200000d0   Data           4  nxp_lcd_driver.o(.data)
    startManuelWorkDelay                     0x200000d4   Data           4  nxp_lcd_driver.o(.data)
    C_secondUnits                            0x200000d8   Data           1  nxp_lcd_driver.o(.data)
    C_secondTens                             0x200000d9   Data           1  nxp_lcd_driver.o(.data)
    C_minuteUnits                            0x200000da   Data           1  nxp_lcd_driver.o(.data)
    C_minuteTens                             0x200000db   Data           1  nxp_lcd_driver.o(.data)
    C_hourUnits                              0x200000dc   Data           1  nxp_lcd_driver.o(.data)
    C_hourTens                               0x200000dd   Data           1  nxp_lcd_driver.o(.data)
    currentDate                              0x200000e0   Data           4  nxp_lcd_driver.o(.data)
    dateUnits                                0x200000e4   Data           4  nxp_lcd_driver.o(.data)
    dateTens                                 0x200000e8   Data           4  nxp_lcd_driver.o(.data)
    monthUnits                               0x200000ec   Data           4  nxp_lcd_driver.o(.data)
    monthTens                                0x200000f0   Data           4  nxp_lcd_driver.o(.data)
    yearUnits                                0x200000f4   Data           4  nxp_lcd_driver.o(.data)
    yearTens                                 0x200000f8   Data           4  nxp_lcd_driver.o(.data)
    currentDayOfWeek                         0x200000fc   Data           4  nxp_lcd_driver.o(.data)
    delayed_irr_counter                      0x20000100   Data           4  nxp_lcd_driver.o(.data)
    C_dateUnits                              0x20000104   Data           1  nxp_lcd_driver.o(.data)
    C_dateTens                               0x20000105   Data           1  nxp_lcd_driver.o(.data)
    C_monthUnits                             0x20000106   Data           1  nxp_lcd_driver.o(.data)
    C_monthTens                              0x20000107   Data           1  nxp_lcd_driver.o(.data)
    C_yearUnits                              0x20000108   Data           1  nxp_lcd_driver.o(.data)
    C_yearTens                               0x20000109   Data           1  nxp_lcd_driver.o(.data)
    tmpBatLevel                              0x2000010c   Data           4  nxp_lcd_driver.o(.data)
    tmpBatLevelInt                           0x20000110   Data           4  nxp_lcd_driver.o(.data)
    tmpBatLevelInt_LSB                       0x20000114   Data           4  nxp_lcd_driver.o(.data)
    tmpBatLevelInt_MSB                       0x20000118   Data           4  nxp_lcd_driver.o(.data)
    tmp_bat_char_1                           0x2000011c   Data           1  nxp_lcd_driver.o(.data)
    tmp_bat_char_2                           0x2000011d   Data           1  nxp_lcd_driver.o(.data)
    flashingCnt                              0x20000120   Data           4  nxp_lcd_driver.o(.data)
    flashingCnt2                             0x20000124   Data           4  nxp_lcd_driver.o(.data)
    flashingCnt3                             0x20000128   Data           4  nxp_lcd_driver.o(.data)
    flashingCnt4                             0x2000012c   Data           4  nxp_lcd_driver.o(.data)
    flashingCnt5                             0x20000130   Data           4  nxp_lcd_driver.o(.data)
    flashingCnt6                             0x20000134   Data           4  nxp_lcd_driver.o(.data)
    flashingCnt7                             0x20000138   Data           4  nxp_lcd_driver.o(.data)
    flashingCnt8                             0x2000013c   Data           4  nxp_lcd_driver.o(.data)
    manuelIrrCnt                             0x20000140   Data           4  nxp_lcd_driver.o(.data)
    batteryVoltage                           0x20000144   Data           4  nxp_lcd_driver.o(.data)
    powerON                                  0x20000148   Data           1  nxp_lcd_driver.o(.data)
    cntPowerOn4second                        0x2000014c   Data           4  nxp_lcd_driver.o(.data)
    fPowerOnRelay1OFF                        0x20000150   Data           1  nxp_lcd_driver.o(.data)
    fPowerOnRelay2OFF                        0x20000151   Data           1  nxp_lcd_driver.o(.data)
    fPowerOnRelay3OFF                        0x20000152   Data           1  nxp_lcd_driver.o(.data)
    fPowerOnRelay4OFF                        0x20000153   Data           1  nxp_lcd_driver.o(.data)
    fPowerOnRelay5OFF                        0x20000154   Data           1  nxp_lcd_driver.o(.data)
    fPowerOnRelay6OFF                        0x20000155   Data           1  nxp_lcd_driver.o(.data)
    fPowerOnRelay7OFF                        0x20000156   Data           1  nxp_lcd_driver.o(.data)
    fhomePage                                0x20000157   Data           1  nxp_lcd_driver.o(.data)
    fwatchAdjustment                         0x20000158   Data           1  nxp_lcd_driver.o(.data)
    fselenoidProgramming                     0x20000159   Data           1  nxp_lcd_driver.o(.data)
    fdayOfWeekAdjust                         0x2000015a   Data           1  nxp_lcd_driver.o(.data)
    fminuteAdjust                            0x2000015b   Data           1  nxp_lcd_driver.o(.data)
    fhourAdjust                              0x2000015c   Data           1  nxp_lcd_driver.o(.data)
    fselectedSelenoidAdjust                  0x2000015d   Data           1  nxp_lcd_driver.o(.data)
    fSelenoidWorkDurAdjust                   0x2000015e   Data           1  nxp_lcd_driver.o(.data)
    fSelenoidStartTimeAdjust                 0x2000015f   Data           1  nxp_lcd_driver.o(.data)
    fHergunSelected                          0x20000160   Data           1  nxp_lcd_driver.o(.data)
    fDelayedIrrigationSelected               0x20000161   Data           1  nxp_lcd_driver.o(.data)
    fSpecialSelected                         0x20000162   Data           1  nxp_lcd_driver.o(.data)
    fDelayValueAdjust                        0x20000163   Data           1  nxp_lcd_driver.o(.data)
    fSelStartTime_1_HourAdjust               0x20000164   Data           1  nxp_lcd_driver.o(.data)
    fSelStartTime_1_MinuteAdjust             0x20000165   Data           1  nxp_lcd_driver.o(.data)
    fSelStartTime_2_HourAdjust               0x20000166   Data           1  nxp_lcd_driver.o(.data)
    fSelStartTime_2_MinuteAdjust             0x20000167   Data           1  nxp_lcd_driver.o(.data)
    fSelStartTime_3_HourAdjust               0x20000168   Data           1  nxp_lcd_driver.o(.data)
    fSelStartTime_3_MinuteAdjust             0x20000169   Data           1  nxp_lcd_driver.o(.data)
    fSelStartTime_4_HourAdjust               0x2000016a   Data           1  nxp_lcd_driver.o(.data)
    fSelStartTime_4_MinuteAdjust             0x2000016b   Data           1  nxp_lcd_driver.o(.data)
    fdayAdjust                               0x2000016c   Data           1  nxp_lcd_driver.o(.data)
    fmonthAdjust                             0x2000016d   Data           1  nxp_lcd_driver.o(.data)
    fyearAdjust                              0x2000016e   Data           1  nxp_lcd_driver.o(.data)
    fSpecialDaySelect_PT                     0x2000016f   Data           1  nxp_lcd_driver.o(.data)
    fSpecialDaySelect_SA                     0x20000170   Data           1  nxp_lcd_driver.o(.data)
    fSpecialDaySelect_CA                     0x20000171   Data           1  nxp_lcd_driver.o(.data)
    fSpecialDaySelect_PE                     0x20000172   Data           1  nxp_lcd_driver.o(.data)
    fSpecialDaySelect_CU                     0x20000173   Data           1  nxp_lcd_driver.o(.data)
    fSpecialDaySelect_CT                     0x20000174   Data           1  nxp_lcd_driver.o(.data)
    fSpecialDaySelect_PZ                     0x20000175   Data           1  nxp_lcd_driver.o(.data)
    fmanuelIrrigationAdjust                  0x20000176   Data           1  nxp_lcd_driver.o(.data)
    fmanuelIrrigationPlanAdjust              0x20000177   Data           1  nxp_lcd_driver.o(.data)
    fPasswordAdjust                          0x20000178   Data           1  nxp_lcd_driver.o(.data)
    fManuelRelayAdjust                       0x20000179   Data           1  nxp_lcd_driver.o(.data)
    fActivateManuelMode                      0x2000017a   Data           1  nxp_lcd_driver.o(.data)
    fManuelWorkDurationAdjust                0x2000017b   Data           1  nxp_lcd_driver.o(.data)
    fStartManuelWork                         0x2000017c   Data           1  nxp_lcd_driver.o(.data)
    fStartAllRelayManuelWork                 0x2000017d   Data           1  nxp_lcd_driver.o(.data)
    fRelay1Status                            0x2000017e   Data           1  nxp_lcd_driver.o(.data)
    fRelay2Status                            0x2000017f   Data           1  nxp_lcd_driver.o(.data)
    fRelay3Status                            0x20000180   Data           1  nxp_lcd_driver.o(.data)
    fRelay4Status                            0x20000181   Data           1  nxp_lcd_driver.o(.data)
    fRelay5Status                            0x20000182   Data           1  nxp_lcd_driver.o(.data)
    fRelay6Status                            0x20000183   Data           1  nxp_lcd_driver.o(.data)
    fRelay7Status                            0x20000184   Data           1  nxp_lcd_driver.o(.data)
    fResetLCDBuffer                          0x20000185   Data           1  nxp_lcd_driver.o(.data)
    fActivateManuelPlanMode                  0x20000186   Data           1  nxp_lcd_driver.o(.data)
    fPasswordActivateMode                    0x20000187   Data           1  nxp_lcd_driver.o(.data)
    fRecordtoEEPROM                          0x20000188   Data           1  nxp_lcd_driver.o(.data)
    fCopySelenoidSettings                    0x20000189   Data           1  nxp_lcd_driver.o(.data)
    fcopyAndPasteSelSettings                 0x2000018a   Data           1  nxp_lcd_driver.o(.data)
    fPlanSelenoidSettings                    0x2000018b   Data           1  nxp_lcd_driver.o(.data)
    fReadfromEEPROM                          0x2000018c   Data           1  nxp_lcd_driver.o(.data)
    fShowBatteryLevel                        0x2000018d   Data           1  nxp_lcd_driver.o(.data)
    fsetNewPasswordMode                      0x2000018e   Data           1  nxp_lcd_driver.o(.data)
    fPasswordDigit1Adjust                    0x2000018f   Data           1  nxp_lcd_driver.o(.data)
    fPasswordDigit2Adjust                    0x20000190   Data           1  nxp_lcd_driver.o(.data)
    fPasswordDigit3Adjust                    0x20000191   Data           1  nxp_lcd_driver.o(.data)
    fPasswordDigit4Adjust                    0x20000192   Data           1  nxp_lcd_driver.o(.data)
    fUpdatePassword                          0x20000193   Data           1  nxp_lcd_driver.o(.data)
    fHomePageWithPassword                    0x20000194   Data           1  nxp_lcd_driver.o(.data)
    fDeviceLockedWithPassword                0x20000195   Data           1  nxp_lcd_driver.o(.data)
    fEraseAllPrograms                        0x20000196   Data           1  nxp_lcd_driver.o(.data)
    fshowCurrentDayOfWeek                    0x20000197   Data           1  nxp_lcd_driver.o(.data)
    fWakeUpButtonPressed                     0x20000198   Data           1  nxp_lcd_driver.o(.data)
    fHSIOscillatorInit                       0x20000199   Data           1  nxp_lcd_driver.o(.data)
    fSetNextAlarm                            0x2000019a   Data           1  nxp_lcd_driver.o(.data)
    fWakeUpFromRTC                           0x2000019b   Data           1  nxp_lcd_driver.o(.data)
    fSystemOFF                               0x2000019c   Data           1  nxp_lcd_driver.o(.data)
    finitRtcAlarm                            0x2000019d   Data           1  nxp_lcd_driver.o(.data)
    fUpdateInvPassCnt                        0x2000019e   Data           1  nxp_lcd_driver.o(.data)
    fproducerPasswordNeeded                  0x2000019f   Data           1  nxp_lcd_driver.o(.data)
    fproducerPassword_1_Adj                  0x200001a0   Data           1  nxp_lcd_driver.o(.data)
    fproducerPassword_2_Adj                  0x200001a1   Data           1  nxp_lcd_driver.o(.data)
    fproducerPassword_3_Adj                  0x200001a2   Data           1  nxp_lcd_driver.o(.data)
    fproducerPassword_4_Adj                  0x200001a3   Data           1  nxp_lcd_driver.o(.data)
    fproducerPassword_5_Adj                  0x200001a4   Data           1  nxp_lcd_driver.o(.data)
    fproducerPassword_6_Adj                  0x200001a5   Data           1  nxp_lcd_driver.o(.data)
    fproducerPassword_7_Adj                  0x200001a6   Data           1  nxp_lcd_driver.o(.data)
    fproducerPassword_8_Adj                  0x200001a7   Data           1  nxp_lcd_driver.o(.data)
    fproducerPassword_9_Adj                  0x200001a8   Data           1  nxp_lcd_driver.o(.data)
    fproducerPassword_10_Adj                 0x200001a9   Data           1  nxp_lcd_driver.o(.data)
    fAnyRelayON                              0x200001aa   Data           1  nxp_lcd_driver.o(.data)
    fBatteryReady                            0x200001ab   Data           1  nxp_lcd_driver.o(.data)
    fAll_Her_Selected                        0x200001ac   Data           1  nxp_lcd_driver.o(.data)
    fManuelAllRelayWorkDurAdj                0x200001ad   Data           1  nxp_lcd_driver.o(.data)
    fcelenderPlanDelayed                     0x200001ae   Data           1  nxp_lcd_driver.o(.data)
    fResetLCDBufferwithDelay                 0x200001af   Data           1  nxp_lcd_driver.o(.data)
    resetLCDBufferDelayMs                    0x200001b0   Data           4  nxp_lcd_driver.o(.data)
    fOpenRelay_1_WithDelay                   0x200001b4   Data           1  nxp_lcd_driver.o(.data)
    fOpenRelay_2_WithDelay                   0x200001b5   Data           1  nxp_lcd_driver.o(.data)
    fOpenRelay_3_WithDelay                   0x200001b6   Data           1  nxp_lcd_driver.o(.data)
    fOpenRelay_4_WithDelay                   0x200001b7   Data           1  nxp_lcd_driver.o(.data)
    fOpenRelay_5_WithDelay                   0x200001b8   Data           1  nxp_lcd_driver.o(.data)
    fOpenRelay_6_WithDelay                   0x200001b9   Data           1  nxp_lcd_driver.o(.data)
    fOpenRelay_7_WithDelay                   0x200001ba   Data           1  nxp_lcd_driver.o(.data)
    relayOpenDelayMs                         0x200001bc   Data           4  nxp_lcd_driver.o(.data)
    factoryReseyKEY                          0x200001c0   Data          10  nxp_lcd_driver.o(.data)
    pendingRelay                             0x200001cc   Data         224  nxp_lcd_driver.o(.data)
    sel_work_duration                        0x200002ac   Data           7  nxp_lcd_driver.o(.data)
    sel_delayed_irr_val                      0x200002b3   Data           7  nxp_lcd_driver.o(.data)
    sel_manuel_work_duration                 0x200002ba   Data           7  nxp_lcd_driver.o(.data)
    sel_special_irr_days                     0x200002c1   Data           7  nxp_lcd_driver.o(.data)
    sel_start_time_min                       0x200002c8   Data          28  nxp_lcd_driver.o(.data)
    sel_start_time_hour                      0x200002e4   Data          28  nxp_lcd_driver.o(.data)
    password                                 0x20000300   Data           4  nxp_lcd_driver.o(.data)
    tmpPassword                              0x20000304   Data           4  nxp_lcd_driver.o(.data)
    fPasswordSetted                          0x20000308   Data           1  nxp_lcd_driver.o(.data)
    invalidPasswordCnt                       0x20000309   Data           1  nxp_lcd_driver.o(.data)
    all_manuel_work_duration                 0x2000030a   Data           1  nxp_lcd_driver.o(.data)
    selectedSelenoid                         0x2000030b   Data           1  nxp_lcd_driver.o(.data)
    fUpdateRtcAlarm                          0x2000030c   Data           1  rtc.o(.data)
    fOpenRelay1                              0x2000030d   Data           1  selenoid.o(.data)
    fCloseRelay1                             0x2000030e   Data           1  selenoid.o(.data)
    fOpenRelay2                              0x2000030f   Data           1  selenoid.o(.data)
    fCloseRelay2                             0x20000310   Data           1  selenoid.o(.data)
    fOpenRelay3                              0x20000311   Data           1  selenoid.o(.data)
    fCloseRelay3                             0x20000312   Data           1  selenoid.o(.data)
    fOpenRelay4                              0x20000313   Data           1  selenoid.o(.data)
    fCloseRelay4                             0x20000314   Data           1  selenoid.o(.data)
    fOpenRelay5                              0x20000315   Data           1  selenoid.o(.data)
    fCloseRelay5                             0x20000316   Data           1  selenoid.o(.data)
    fOpenRelay6                              0x20000317   Data           1  selenoid.o(.data)
    fCloseRelay6                             0x20000318   Data           1  selenoid.o(.data)
    fOpenRelay7                              0x20000319   Data           1  selenoid.o(.data)
    fCloseRelay7                             0x2000031a   Data           1  selenoid.o(.data)
    f1ms                                     0x2000031c   Data           4  systick.o(.data)
    f2ms                                     0x20000320   Data           4  systick.o(.data)
    f20ms                                    0x20000324   Data           4  systick.o(.data)
    f200ms                                   0x20000328   Data           4  systick.o(.data)
    f1s                                      0x2000032c   Data           4  systick.o(.data)
    f2s                                      0x20000330   Data           4  systick.o(.data)
    f10s                                     0x20000334   Data           4  systick.o(.data)
    cnt2ms                                   0x20000338   Data           4  systick.o(.data)
    cnt20ms                                  0x2000033c   Data           4  systick.o(.data)
    cnt200ms                                 0x20000340   Data           4  systick.o(.data)
    cnt1s                                    0x20000344   Data           4  systick.o(.data)
    cnt2s                                    0x20000348   Data           4  systick.o(.data)
    cnt10s                                   0x2000034c   Data           4  systick.o(.data)
    fsleepEnable                             0x20000350   Data           4  systick.o(.data)
    sleepCounter                             0x20000354   Data           4  systick.o(.data)
    u32Tick                                  0x20000358   Data           4  systick.o(.data)
    SystemCoreClock                          0x2000035c   Data           4  system_stm32l0xx.o(.data)
    batteryVoltageSample                     0x20000360   Data          40  main.o(.bss)
    factoryPASSWORD                          0x20000388   Data          10  nxp_lcd_driver.o(.bss)
    relayCelendar                            0x20000394   Data         224  nxp_lcd_driver.o(.bss)
    pendingRtcIrq                            0x20000474   Data         224  nxp_lcd_driver.o(.bss)
    LCD_Ram_Data_Row                         0x20000554   Data         120  nxp_lcd_driver.o(.bss)
    __libspace_start                         0x200005cc   Data          96  libspace.o(.bss)
    __temporary_stack_top$libspace           0x2000062c   Data           0  libspace.o(.bss)



==============================================================================

Memory Map of the image

  Image Entry point : 0x080000c1

  Load Region LR_IROM1 (Base: 0x08000000, Size: 0x0000db74, Max: 0x00010000, ABSOLUTE, COMPRESSED[0x0000d884])

    Execution Region ER_IROM1 (Exec base: 0x08000000, Load base: 0x08000000, Size: 0x0000d814, Max: 0x00010000, ABSOLUTE)

    Exec Addr    Load Addr    Size         Type   Attr      Idx    E Section Name        Object

    0x08000000   0x08000000   0x000000c0   Data   RO         1300    RESET               startup_stm32l053xx.o
    0x080000c0   0x080000c0   0x00000008   Code   RO         1380  * !!!main             c_p.l(__main.o)
    0x080000c8   0x080000c8   0x0000003c   Code   RO         1629    !!!scatter          c_p.l(__scatter.o)
    0x08000104   0x08000104   0x0000001c   Code   RO         1631    !!handler_zi        c_p.l(__scatter_zi.o)
    0x08000120   0x08000120   0x00000002   Code   RO         1371    .ARM.Collect$$_printf_percent$$00000000  c_p.l(_printf_percent.o)
    0x08000122   0x08000122   0x0000000a   Code   RO         1370    .ARM.Collect$$_printf_percent$$00000009  c_p.l(_printf_d.o)
    0x0800012c   0x0800012c   0x00000004   Code   RO         1429    .ARM.Collect$$_printf_percent$$00000017  c_p.l(_printf_percent_end.o)
    0x08000130   0x08000130   0x00000002   Code   RO         1510    .ARM.Collect$$libinit$$00000000  c_p.l(libinit.o)
    0x08000132   0x08000132   0x00000000   Code   RO         1512    .ARM.Collect$$libinit$$00000002  c_p.l(libinit2.o)
    0x08000132   0x08000132   0x00000000   Code   RO         1514    .ARM.Collect$$libinit$$00000004  c_p.l(libinit2.o)
    0x08000132   0x08000132   0x00000000   Code   RO         1517    .ARM.Collect$$libinit$$0000000A  c_p.l(libinit2.o)
    0x08000132   0x08000132   0x00000000   Code   RO         1519    .ARM.Collect$$libinit$$0000000C  c_p.l(libinit2.o)
    0x08000132   0x08000132   0x00000000   Code   RO         1521    .ARM.Collect$$libinit$$0000000E  c_p.l(libinit2.o)
    0x08000132   0x08000132   0x00000006   Code   RO         1522    .ARM.Collect$$libinit$$0000000F  c_p.l(libinit2.o)
    0x08000138   0x08000138   0x00000000   Code   RO         1524    .ARM.Collect$$libinit$$00000011  c_p.l(libinit2.o)
    0x08000138   0x08000138   0x0000000c   Code   RO         1525    .ARM.Collect$$libinit$$00000012  c_p.l(libinit2.o)
    0x08000144   0x08000144   0x00000000   Code   RO         1526    .ARM.Collect$$libinit$$00000013  c_p.l(libinit2.o)
    0x08000144   0x08000144   0x00000000   Code   RO         1528    .ARM.Collect$$libinit$$00000015  c_p.l(libinit2.o)
    0x08000144   0x08000144   0x00000000   Code   RO         1530    .ARM.Collect$$libinit$$00000017  c_p.l(libinit2.o)
    0x08000144   0x08000144   0x00000000   Code   RO         1532    .ARM.Collect$$libinit$$00000019  c_p.l(libinit2.o)
    0x08000144   0x08000144   0x00000000   Code   RO         1534    .ARM.Collect$$libinit$$0000001B  c_p.l(libinit2.o)
    0x08000144   0x08000144   0x00000000   Code   RO         1536    .ARM.Collect$$libinit$$0000001D  c_p.l(libinit2.o)
    0x08000144   0x08000144   0x00000000   Code   RO         1538    .ARM.Collect$$libinit$$0000001F  c_p.l(libinit2.o)
    0x08000144   0x08000144   0x00000000   Code   RO         1540    .ARM.Collect$$libinit$$00000021  c_p.l(libinit2.o)
    0x08000144   0x08000144   0x00000000   Code   RO         1542    .ARM.Collect$$libinit$$00000023  c_p.l(libinit2.o)
    0x08000144   0x08000144   0x00000000   Code   RO         1544    .ARM.Collect$$libinit$$00000025  c_p.l(libinit2.o)
    0x08000144   0x08000144   0x00000000   Code   RO         1548    .ARM.Collect$$libinit$$0000002C  c_p.l(libinit2.o)
    0x08000144   0x08000144   0x00000000   Code   RO         1550    .ARM.Collect$$libinit$$0000002E  c_p.l(libinit2.o)
    0x08000144   0x08000144   0x00000000   Code   RO         1552    .ARM.Collect$$libinit$$00000030  c_p.l(libinit2.o)
    0x08000144   0x08000144   0x00000000   Code   RO         1554    .ARM.Collect$$libinit$$00000032  c_p.l(libinit2.o)
    0x08000144   0x08000144   0x00000002   Code   RO         1555    .ARM.Collect$$libinit$$00000033  c_p.l(libinit2.o)
    0x08000146   0x08000146   0x00000002   Code   RO         1608    .ARM.Collect$$libshutdown$$00000000  c_p.l(libshutdown.o)
    0x08000148   0x08000148   0x00000000   Code   RO         1610    .ARM.Collect$$libshutdown$$00000002  c_p.l(libshutdown2.o)
    0x08000148   0x08000148   0x00000000   Code   RO         1612    .ARM.Collect$$libshutdown$$00000004  c_p.l(libshutdown2.o)
    0x08000148   0x08000148   0x00000000   Code   RO         1615    .ARM.Collect$$libshutdown$$00000007  c_p.l(libshutdown2.o)
    0x08000148   0x08000148   0x00000000   Code   RO         1618    .ARM.Collect$$libshutdown$$0000000A  c_p.l(libshutdown2.o)
    0x08000148   0x08000148   0x00000000   Code   RO         1620    .ARM.Collect$$libshutdown$$0000000C  c_p.l(libshutdown2.o)
    0x08000148   0x08000148   0x00000000   Code   RO         1623    .ARM.Collect$$libshutdown$$0000000F  c_p.l(libshutdown2.o)
    0x08000148   0x08000148   0x00000002   Code   RO         1624    .ARM.Collect$$libshutdown$$00000010  c_p.l(libshutdown2.o)
    0x0800014a   0x0800014a   0x00000000   Code   RO         1416    .ARM.Collect$$rtentry$$00000000  c_p.l(__rtentry.o)
    0x0800014a   0x0800014a   0x00000000   Code   RO         1446    .ARM.Collect$$rtentry$$00000002  c_p.l(__rtentry2.o)
    0x0800014a   0x0800014a   0x00000006   Code   RO         1458    .ARM.Collect$$rtentry$$00000004  c_p.l(__rtentry4.o)
    0x08000150   0x08000150   0x00000000   Code   RO         1448    .ARM.Collect$$rtentry$$00000009  c_p.l(__rtentry2.o)
    0x08000150   0x08000150   0x00000004   Code   RO         1449    .ARM.Collect$$rtentry$$0000000A  c_p.l(__rtentry2.o)
    0x08000154   0x08000154   0x00000000   Code   RO         1451    .ARM.Collect$$rtentry$$0000000C  c_p.l(__rtentry2.o)
    0x08000154   0x08000154   0x00000008   Code   RO         1452    .ARM.Collect$$rtentry$$0000000D  c_p.l(__rtentry2.o)
    0x0800015c   0x0800015c   0x00000002   Code   RO         1559    .ARM.Collect$$rtexit$$00000000  c_p.l(rtexit.o)
    0x0800015e   0x0800015e   0x00000000   Code   RO         1572    .ARM.Collect$$rtexit$$00000002  c_p.l(rtexit2.o)
    0x0800015e   0x0800015e   0x00000004   Code   RO         1573    .ARM.Collect$$rtexit$$00000003  c_p.l(rtexit2.o)
    0x08000162   0x08000162   0x00000006   Code   RO         1574    .ARM.Collect$$rtexit$$00000004  c_p.l(rtexit2.o)
    0x08000168   0x08000168   0x00000038   Code   RO         1301    .text               startup_stm32l053xx.o
    0x080001a0   0x080001a0   0x0000001e   Code   RO         1340    .text               c_p.l(toupper.o)
    0x080001be   0x080001be   0x00000002   PAD
    0x080001c0   0x080001c0   0x00000028   Code   RO         1344    .text               c_p.l(noretval__2sprintf.o)
    0x080001e8   0x080001e8   0x0000006c   Code   RO         1346    .text               c_p.l(__printf.o)
    0x08000254   0x08000254   0x0000006c   Code   RO         1348    .text               c_p.l(_printf_dec.o)
    0x080002c0   0x080002c0   0x0000007c   Code   RO         1372    .text               c_p.l(assert.o)
    0x0800033c   0x0800033c   0x0000015a   Code   RO         1374    .text               c_p.l(aeabi_sdiv.o)
    0x08000496   0x08000496   0x00000006   Code   RO         1378    .text               c_p.l(heapauxi.o)
    0x0800049c   0x0800049c   0x0000007c   Code   RO         1382    .text               fz_ps.l(d2f.o)
    0x08000518   0x08000518   0x00000358   Code   RO         1384    .text               fz_ps.l(daddsub.o)
    0x08000870   0x08000870   0x00000448   Code   RO         1386    .text               fz_ps.l(ddiv.o)
    0x08000cb8   0x08000cb8   0x00000048   Code   RO         1389    .text               fz_ps.l(dfixui.o)
    0x08000d00   0x08000d00   0x00000054   Code   RO         1395    .text               fz_ps.l(f2d.o)
    0x08000d54   0x08000d54   0x00000160   Code   RO         1403    .text               fz_ps.l(fdiv.o)
    0x08000eb4   0x08000eb4   0x0000005e   Code   RO         1406    .text               fz_ps.l(fflti.o)
    0x08000f12   0x08000f12   0x00000002   PAD
    0x08000f14   0x08000f14   0x00000010   Code   RO         1417    .text               c_p.l(rt_ctype_table.o)
    0x08000f24   0x08000f24   0x000000b0   Code   RO         1423    .text               c_p.l(_printf_intcommon.o)
    0x08000fd4   0x08000fd4   0x00000030   Code   RO         1425    .text               c_p.l(_printf_char_common.o)
    0x08001004   0x08001004   0x0000000a   Code   RO         1427    .text               c_p.l(_sputc.o)
    0x0800100e   0x0800100e   0x00000014   Code   RO         1430    .text               c_p.l(abort.o)
    0x08001022   0x08001022   0x00000014   Code   RO         1432    .text               c_p.l(assert_puts.o)
    0x08001036   0x08001036   0x00000028   Code   RO         1434    .text               c_p.l(rtudiv10.o)
    0x0800105e   0x0800105e   0x00000002   PAD
    0x08001060   0x08001060   0x00000090   Code   RO         1436    .text               fz_ps.l(dcmpin.o)
    0x080010f0   0x080010f0   0x00000064   Code   RO         1438    .text               fz_ps.l(fcmpin.o)
    0x08001154   0x08001154   0x0000000c   Code   RO         1441    .text               c_p.l(sys_wrch.o)
    0x08001160   0x08001160   0x0000000c   Code   RO         1443    .text               c_p.l(sys_exit.o)
    0x0800116c   0x0800116c   0x00000008   Code   RO         1465    .text               c_p.l(rt_locale_intlibspace.o)
    0x08001174   0x08001174   0x0000000c   Code   RO         1472    .text               c_p.l(defsig_abrt_outer.o)
    0x08001180   0x08001180   0x0000002e   Code   RO         1476    .text               fz_ps.l(cmpret.o)
    0x080011ae   0x080011ae   0x00000002   PAD
    0x080011b0   0x080011b0   0x00000014   Code   RO         1478    .text               fz_ps.l(dnan2.o)
    0x080011c4   0x080011c4   0x00000010   Code   RO         1480    .text               fz_ps.l(fnan2.o)
    0x080011d4   0x080011d4   0x00000008   Code   RO         1482    .text               c_p.l(libspace.o)
    0x080011dc   0x080011dc   0x00000002   Code   RO         1485    .text               c_p.l(use_no_semi.o)
    0x080011de   0x080011de   0x00000000   Code   RO         1487    .text               c_p.l(indicate_semi.o)
    0x080011de   0x080011de   0x0000003e   Code   RO         1488    .text               c_p.l(sys_stackheap_outer.o)
    0x0800121c   0x0800121c   0x00000010   Code   RO         1493    .text               c_p.l(exit.o)
    0x0800122c   0x0800122c   0x0000000c   Code   RO         1495    .text               c_p.l(defsig_exit.o)
    0x08001238   0x08001238   0x00000030   Code   RO         1497    .text               c_p.l(defsig_abrt_inner.o)
    0x08001268   0x08001268   0x00000088   Code   RO         1503    .text               c_p.l(strcmp.o)
    0x080012f0   0x080012f0   0x0000005e   Code   RO         1556    .text               fz_ps.l(retnan.o)
    0x0800134e   0x0800134e   0x00000034   Code   RO         1563    .text               c_p.l(defsig_general.o)
    0x08001382   0x08001382   0x00000056   Code   RO         1627    .text               c_p.l(__dczerorl2.o)
    0x080013d8   0x080013d8   0x00000018   Code   RO            3    i.BtnCallback       main.o
    0x080013f0   0x080013f0   0x0000005c   Code   RO          317    i.CalibrateADC      adc.o
    0x0800144c   0x0800144c   0x00000050   Code   RO          323    i.ConfigureADC      adc.o
    0x0800149c   0x0800149c   0x00000044   Code   RO          418    i.Configure_DBG     button.o
    0x080014e0   0x080014e0   0x0000004c   Code   RO          419    i.Configure_EXTI    button.o
    0x0800152c   0x0800152c   0x00000080   Code   RO          420    i.DelayValueAdjust  button.o
    0x080015ac   0x080015ac   0x00000074   Code   RO          335    i.DisableADC        adc.o
    0x08001620   0x08001620   0x00000034   Code   RO          826    i.EXTI0_1_IRQHandler  interrupt.o
    0x08001654   0x08001654   0x00000028   Code   RO          176    i.EepromErase       main.o
    0x0800167c   0x0800167c   0x00000050   Code   RO          329    i.EnableADC         adc.o
    0x080016cc   0x080016cc   0x00000128   Code   RO            4    i.FLASH_IRQHandler  main.o
    0x080017f4   0x080017f4   0x00000024   Code   RO          827    i.HardFault_Handler  interrupt.o
    0x08001818   0x08001818   0x0000000c   Code   RO          828    i.I2C1_IRQHandler   interrupt.o
    0x08001824   0x08001824   0x0000010c   Code   RO          771    i.I2C_Init          i2c.o
    0x08001930   0x08001930   0x000000d8   Code   RO          772    i.I2C_Write         i2c.o
    0x08001a08   0x08001a08   0x000000e0   Code   RO          773    i.I2C_Write_LCD     i2c.o
    0x08001ae8   0x08001ae8   0x00000040   Code   RO          421    i.IncAndFwdLPrs     button.o
    0x08001b28   0x08001b28   0x0000010c   Code   RO         1023    i.Init_RTC          rtc.o
    0x08001c34   0x08001c34   0x00000018   Code   RO          944    i.LCDBufferReset    nxp_lcd_driver.o
    0x08001c4c   0x08001c4c   0x0000001c   Code   RO          945    i.LCDPowerOFF       nxp_lcd_driver.o
    0x08001c68   0x08001c68   0x00000010   Code   RO          946    i.LCDPowerON        nxp_lcd_driver.o
    0x08001c78   0x08001c78   0x00000034   Code   RO          146    i.LockNVM           main.o
    0x08001cac   0x08001cac   0x0000003c   Code   RO          422    i.ManuelALLWorkDurationAdjust  button.o
    0x08001ce8   0x08001ce8   0x00000074   Code   RO          423    i.ManuelWorkDurationAdjust  button.o
    0x08001d5c   0x08001d5c   0x00000002   Code   RO          829    i.NMI_Handler       interrupt.o
    0x08001d5e   0x08001d5e   0x00000002   PAD
    0x08001d60   0x08001d60   0x00000014   Code   RO            5    i.NVIC_EnableIRQ    main.o
    0x08001d74   0x08001d74   0x00000014   Code   RO         1024    i.NVIC_EnableIRQ    rtc.o
    0x08001d88   0x08001d88   0x00000078   Code   RO            6    i.NVIC_SetPriority  main.o
    0x08001e00   0x08001e00   0x00000078   Code   RO          424    i.NVIC_SetPriority  button.o
    0x08001e78   0x08001e78   0x00000078   Code   RO          774    i.NVIC_SetPriority  i2c.o
    0x08001ef0   0x08001ef0   0x00000078   Code   RO          830    i.NVIC_SetPriority  interrupt.o
    0x08001f68   0x08001f68   0x00000078   Code   RO         1025    i.NVIC_SetPriority  rtc.o
    0x08001fe0   0x08001fe0   0x00000002   Code   RO          831    i.PendSV_Handler    interrupt.o
    0x08001fe2   0x08001fe2   0x00000002   PAD
    0x08001fe4   0x08001fe4   0x0000001c   Code   RO          832    i.RCC_CRS_IRQHandler  interrupt.o
    0x08002000   0x08002000   0x00000124   Code   RO          833    i.RTC_IRQHandler    interrupt.o
    0x08002124   0x08002124   0x0000002c   Code   RO          775    i.Reset_I2C         i2c.o
    0x08002150   0x08002150   0x00000002   Code   RO          834    i.SVC_Handler       interrupt.o
    0x08002152   0x08002152   0x00000002   PAD
    0x08002154   0x08002154   0x00000084   Code   RO          425    i.SelenoidStartTime_1_HourAdjust  button.o
    0x080021d8   0x080021d8   0x00000084   Code   RO          426    i.SelenoidStartTime_1_MinuteAdjust  button.o
    0x0800225c   0x0800225c   0x00000154   Code   RO          427    i.SelenoidStartTime_2_HourAdjust  button.o
    0x080023b0   0x080023b0   0x00000154   Code   RO          428    i.SelenoidStartTime_2_MinuteAdjust  button.o
    0x08002504   0x08002504   0x00000154   Code   RO          429    i.SelenoidStartTime_3_HourAdjust  button.o
    0x08002658   0x08002658   0x00000154   Code   RO          430    i.SelenoidStartTime_3_MinuteAdjust  button.o
    0x080027ac   0x080027ac   0x00000154   Code   RO          431    i.SelenoidStartTime_4_HourAdjust  button.o
    0x08002900   0x08002900   0x00000154   Code   RO          432    i.SelenoidStartTime_4_MinuteAdjust  button.o
    0x08002a54   0x08002a54   0x00000014   Code   RO          311    i.SetClockForADC    adc.o
    0x08002a68   0x08002a68   0x00000034   Code   RO            7    i.SysTick_Config    main.o
    0x08002a9c   0x08002a9c   0x00000008   Code   RO          835    i.SysTick_Handler   interrupt.o
    0x08002aa4   0x08002aa4   0x000000fc   Code   RO         1307    i.SystemCoreClockUpdate  system_stm32l0xx.o
    0x08002ba0   0x08002ba0   0x0000005c   Code   RO         1308    i.SystemInit        system_stm32l0xx.o
    0x08002bfc   0x08002bfc   0x00000044   Code   RO          152    i.UnlockPELOCK      main.o
    0x08002c40   0x08002c40   0x00000020   Code   RO            8    i.Voltage_Conversion  main.o
    0x08002c60   0x08002c60   0x0000001c   Code   RO         1005    i.__ARM_common_switch8  nxp_lcd_driver.o
    0x08002c7c   0x08002c7c   0x0000000e   Code   RO          268    i.adc_bat_read_disable  adc.o
    0x08002c8a   0x08002c8a   0x0000000e   Code   RO          269    i.adc_bat_read_enable  adc.o
    0x08002c98   0x08002c98   0x00000038   Code   RO          721    i.adc_con_pins_init  hw.o
    0x08002cd0   0x08002cd0   0x0000000e   Code   RO          270    i.adc_sens_read_disable  adc.o
    0x08002cde   0x08002cde   0x00000002   PAD
    0x08002ce0   0x08002ce0   0x00000064   Code   RO          433    i.anyButtonPressed  button.o
    0x08002d44   0x08002d44   0x00000278   Code   RO          722    i.arrangeGPIOforSleep  hw.o
    0x08002fbc   0x08002fbc   0x00000464   Code   RO          434    i.backbprs          button.o
    0x08003420   0x08003420   0x000001a4   Code   RO            9    i.batteryVoltageCon  main.o
    0x080035c4   0x080035c4   0x00000022   Code   RO          435    i.bcd2cnv           button.o
    0x080035e6   0x080035e6   0x00000002   PAD
    0x080035e8   0x080035e8   0x00000040   Code   RO          359    i.btn_isr           btn.o
    0x08003628   0x08003628   0x000000b0   Code   RO          360    i.btn_registerCallback  btn.o
    0x080036d8   0x080036d8   0x000006a8   Code   RO          436    i.butread           button.o
    0x08003d80   0x08003d80   0x00000054   Code   RO          437    i.button_init       button.o
    0x08003dd4   0x08003dd4   0x00000040   Code   RO           10    i.cancelPrevIrr     main.o
    0x08003e14   0x08003e14   0x000000c8   Code   RO         1413    i.ceil              m_ps.l(ceil.o)
    0x08003edc   0x08003edc   0x000000b8   Code   RO           11    i.celenderSort      main.o
    0x08003f94   0x08003f94   0x000001dc   Code   RO          438    i.checkFactoryKey   button.o
    0x08004170   0x08004170   0x000000d8   Code   RO          439    i.checkPasword      button.o
    0x08004248   0x08004248   0x000000ec   Code   RO          440    i.clearAllDetailAdjustment  button.o
    0x08004334   0x08004334   0x00000034   Code   RO         1074    i.closeRelay1       selenoid.o
    0x08004368   0x08004368   0x00000034   Code   RO         1075    i.closeRelay2       selenoid.o
    0x0800439c   0x0800439c   0x00000034   Code   RO         1076    i.closeRelay3       selenoid.o
    0x080043d0   0x080043d0   0x00000034   Code   RO         1077    i.closeRelay4       selenoid.o
    0x08004404   0x08004404   0x00000034   Code   RO         1078    i.closeRelay5       selenoid.o
    0x08004438   0x08004438   0x00000034   Code   RO         1079    i.closeRelay6       selenoid.o
    0x0800446c   0x0800446c   0x00000034   Code   RO         1080    i.closeRelay7       selenoid.o
    0x080044a0   0x080044a0   0x00000088   Code   RO         1026    i.configureAlarmA   rtc.o
    0x08004528   0x08004528   0x00000088   Code   RO         1027    i.configureAlarmB   rtc.o
    0x080045b0   0x080045b0   0x000001bc   Code   RO           12    i.copyAndPasteSelSettings  main.o
    0x0800476c   0x0800476c   0x00000054   Code   RO          441    i.dbAndIncLPrs      button.o
    0x080047c0   0x080047c0   0x0000056c   Code   RO          442    i.dbprs             button.o
    0x08004d2c   0x08004d2c   0x0000001e   Code   RO          443    i.dow               button.o
    0x08004d4a   0x08004d4a   0x00000002   PAD
    0x08004d4c   0x08004d4c   0x00000170   Code   RO          158    i.erase_all_programs  main.o
    0x08004ebc   0x08004ebc   0x0000072c   Code   RO          444    i.forwardbprs       button.o
    0x080055e8   0x080055e8   0x000000a4   Code   RO          445    i.fwdAndBckPrs      button.o
    0x0800568c   0x0800568c   0x0000000e   Code   RO          272    i.gpio_clear        adc.o
    0x0800569a   0x0800569a   0x0000000e   Code   RO          723    i.gpio_clear        hw.o
    0x080056a8   0x080056a8   0x0000000e   Code   RO         1081    i.gpio_clear        selenoid.o
    0x080056b6   0x080056b6   0x00000002   PAD
    0x080056b8   0x080056b8   0x0000021c   Code   RO          701    i.gpio_init         gpio.o
    0x080058d4   0x080058d4   0x0000000c   Code   RO          273    i.gpio_set          adc.o
    0x080058e0   0x080058e0   0x0000000c   Code   RO          947    i.gpio_set          nxp_lcd_driver.o
    0x080058ec   0x080058ec   0x0000000c   Code   RO         1082    i.gpio_set          selenoid.o
    0x080058f8   0x080058f8   0x00000154   Code   RO          724    i.hw_init           hw.o
    0x08005a4c   0x08005a4c   0x0000002c   Code   RO          725    i.hw_initSysclock   hw.o
    0x08005a78   0x08005a78   0x00000610   Code   RO          446    i.ibprs             button.o
    0x08006088   0x08006088   0x0000003c   Code   RO          447    i.incAndBckLPrs     button.o
    0x080060c4   0x080060c4   0x0000002c   Code   RO          448    i.leap              button.o
    0x080060f0   0x080060f0   0x00000314   Code   RO           13    i.main              main.o
    0x08006404   0x08006404   0x0000090c   Code   RO           14    i.manuelAllWorkCelender  main.o
    0x08006d10   0x08006d10   0x00000274   Code   RO           15    i.manuelWorkCelender  main.o
    0x08006f84   0x08006f84   0x000000f8   Code   RO          449    i.mbprs             button.o
    0x0800707c   0x0800707c   0x000000b4   Code   RO           16    i.myWatchDogBOMB    main.o
    0x08007130   0x08007130   0x0000009c   Code   RO          948    i.nxpInit           nxp_lcd_driver.o
    0x080071cc   0x080071cc   0x0000001e   Code   RO         1084    i.openRelay1        selenoid.o
    0x080071ea   0x080071ea   0x0000001e   Code   RO         1085    i.openRelay2        selenoid.o
    0x08007208   0x08007208   0x0000001a   Code   RO         1086    i.openRelay3        selenoid.o
    0x08007222   0x08007222   0x0000001e   Code   RO         1087    i.openRelay4        selenoid.o
    0x08007240   0x08007240   0x0000001e   Code   RO         1088    i.openRelay5        selenoid.o
    0x0800725e   0x0800725e   0x0000001e   Code   RO         1089    i.openRelay6        selenoid.o
    0x0800727c   0x0800727c   0x0000001e   Code   RO         1090    i.openRelay7        selenoid.o
    0x0800729a   0x0800729a   0x00000002   PAD
    0x0800729c   0x0800729c   0x00000050   Code   RO          450    i.passwordAdjust    button.o
    0x080072ec   0x080072ec   0x00000050   Code   RO          451    i.producerPassAdj   button.o
    0x0800733c   0x0800733c   0x0000002e   Code   RO           17    i.programCelendar   main.o
    0x0800736a   0x0800736a   0x00000002   PAD
    0x0800736c   0x0800736c   0x000001fc   Code   RO          164    i.read_from_EEPROM  main.o
    0x08007568   0x08007568   0x00000098   Code   RO          170    i.recort_password_to_EEPROM  main.o
    0x08007600   0x08007600   0x00000210   Code   RO          182    i.recort_to_EEPROM  main.o
    0x08007810   0x08007810   0x0000008c   Code   RO           18    i.resetPendingRelay  main.o
    0x0800789c   0x0800789c   0x0000003c   Code   RO          452    i.selectedSelenoidUpdate  button.o
    0x080078d8   0x080078d8   0x000003f8   Code   RO         1091    i.selenoidCon       selenoid.o
    0x08007cd0   0x08007cd0   0x00000074   Code   RO          453    i.selenoidWorkDurAdj  button.o
    0x08007d44   0x08007d44   0x0000000e   Code   RO         1092    i.selenoid_disable  selenoid.o
    0x08007d52   0x08007d52   0x0000000e   Code   RO         1093    i.selenoid_enable   selenoid.o
    0x08007d60   0x08007d60   0x000000a4   Code   RO         1094    i.selenoid_init     selenoid.o
    0x08007e04   0x08007e04   0x00000010   Code   RO         1097    i.selenoid_sleep    selenoid.o
    0x08007e14   0x08007e14   0x00000010   Code   RO         1098    i.selenoid_wakeup   selenoid.o
    0x08007e24   0x08007e24   0x000000fc   Code   RO          949    i.sevenSegCode      nxp_lcd_driver.o
    0x08007f20   0x08007f20   0x00000270   Code   RO           19    i.sleepCon          main.o
    0x08008190   0x08008190   0x00000018   Code   RO         1249    i.systick_delayMs   systick.o
    0x080081a8   0x080081a8   0x00000594   Code   RO         1252    i.systick_irq       systick.o
    0x0800873c   0x0800873c   0x000000d0   Code   RO          950    i.updateBatLevelDigit  nxp_lcd_driver.o
    0x0800880c   0x0800880c   0x000001f0   Code   RO          454    i.updateDay         button.o
    0x080089fc   0x080089fc   0x000000ec   Code   RO          455    i.updateHour        button.o
    0x08008ae8   0x08008ae8   0x00000040   Code   RO           20    i.updateInvalidPassWord  main.o
    0x08008b28   0x08008b28   0x000035d4   Code   RO          951    i.updateLCDBuffer   nxp_lcd_driver.o
    0x0800c0fc   0x0800c0fc   0x000000ec   Code   RO          456    i.updateMinute      button.o
    0x0800c1e8   0x0800c1e8   0x00000118   Code   RO          457    i.updateMonth       button.o
    0x0800c300   0x0800c300   0x000004d0   Code   RO           21    i.updateRTCAlarm    main.o
    0x0800c7d0   0x0800c7d0   0x00000540   Code   RO           22    i.updateRelayCelendar  main.o
    0x0800cd10   0x0800cd10   0x00000294   Code   RO           23    i.updateSelenoidPosition  main.o
    0x0800cfa4   0x0800cfa4   0x00000118   Code   RO          458    i.updateYear        button.o
    0x0800d0bc   0x0800d0bc   0x00000184   Code   RO           24    i.wakeUp            main.o
    0x0800d240   0x0800d240   0x00000044   Code   RO          459    i.zeller            button.o
    0x0800d284   0x0800d284   0x0000002c   Code   RO         1470    locale$$code        c_p.l(lc_ctype_c.o)
    0x0800d2b0   0x0800d2b0   0x00000064   Code   RO         1391    x$fpl$dleqf         fz_ps.l(dlef.o)
    0x0800d314   0x0800d314   0x00000068   Code   RO         1393    x$fpl$drleqf        fz_ps.l(drlef.o)
    0x0800d37c   0x0800d37c   0x0000008c   Code   RO         1397    x$fpl$fadd          fz_ps.l(faddsub.o)
    0x0800d408   0x0800d408   0x000000b0   Code   RO         1408    x$fpl$fmul          fz_ps.l(fmul.o)
    0x0800d4b8   0x0800d4b8   0x00000058   Code   RO         1410    x$fpl$frleqf        fz_ps.l(frlef.o)
    0x0800d510   0x0800d510   0x000000d0   Code   RO         1399    x$fpl$fsub          fz_ps.l(faddsub.o)
    0x0800d5e0   0x0800d5e0   0x00000000   Code   RO         1440    x$fpl$usenofp       fz_ps.l(usenofp.o)
    0x0800d5e0   0x0800d5e0   0x00000004   Data   RO          460    .constdata          button.o
    0x0800d5e4   0x0800d5e4   0x00000014   Data   RO          727    .constdata          hw.o
    0x0800d5f8   0x0800d5f8   0x00000004   Data   RO          953    .constdata          nxp_lcd_driver.o
    0x0800d5fc   0x0800d5fc   0x00000004   Data   RO         1099    .constdata          selenoid.o
    0x0800d600   0x0800d600   0x00000021   Data   RO         1309    .constdata          system_stm32l0xx.o
    0x0800d621   0x0800d621   0x00000080   Data   RO         1387    .constdata          fz_ps.l(ddiv.o)
    0x0800d6a1   0x0800d6a1   0x00000040   Data   RO         1404    .constdata          fz_ps.l(fdiv.o)
    0x0800d6e1   0x0800d6e1   0x00000003   PAD
    0x0800d6e4   0x0800d6e4   0x00000020   Data   RO         1625    Region$$Table       anon$$obj.o
    0x0800d704   0x0800d704   0x00000110   Data   RO         1469    locale$$data        c_p.l(lc_ctype_c.o)


    Execution Region RW_IRAM1 (Exec base: 0x20000000, Load base: 0x0800d814, Size: 0x00000c30, Max: 0x00002000, ABSOLUTE, COMPRESSED[0x00000070])

    Exec Addr    Load Addr    Size         Type   Attr      Idx    E Section Name        Object

    0x20000000   COMPRESSED   0x0000001c   Data   RW           26    .data               main.o
    0x2000001c   COMPRESSED   0x00000006   Data   RW          362    .data               btn.o
    0x20000022   COMPRESSED   0x00000002   PAD
    0x20000024   COMPRESSED   0x0000008c   Data   RW          461    .data               button.o
    0x200000b0   COMPRESSED   0x0000025c   Data   RW          954    .data               nxp_lcd_driver.o
    0x2000030c   COMPRESSED   0x00000001   Data   RW         1028    .data               rtc.o
    0x2000030d   COMPRESSED   0x0000000e   Data   RW         1100    .data               selenoid.o
    0x2000031b   COMPRESSED   0x00000001   PAD
    0x2000031c   COMPRESSED   0x00000040   Data   RW         1253    .data               systick.o
    0x2000035c   COMPRESSED   0x00000004   Data   RW         1310    .data               system_stm32l0xx.o
    0x20000360        -       0x00000028   Zero   RW           25    .bss                main.o
    0x20000388        -       0x00000244   Zero   RW          952    .bss                nxp_lcd_driver.o
    0x200005cc        -       0x00000060   Zero   RW         1483    .bss                c_p.l(libspace.o)
    0x2000062c   COMPRESSED   0x00000004   PAD
    0x20000630        -       0x00000200   Zero   RW         1299    HEAP                startup_stm32l053xx.o
    0x20000830        -       0x00000400   Zero   RW         1298    STACK               startup_stm32l053xx.o


==============================================================================

Image component sizes


      Code (inc. data)   RO Data    RW Data    ZI Data      Debug   Object Name

       456         38          0          0          0       5333   adc.o
       240        120          0          6          0       9229   btn.o
     14248       2012          4        140          0      33041   button.o
       540        232          0          0          0       1916   gpio.o
      1086         38         20          0          0       2698   hw.o
       872         58          0          0          0      10863   i2c.o
       554        104          0          0          0      11796   interrupt.o
     11782       1140          0         28         40     150321   main.o
     14504       1188          4        604        580      21694   nxp_lcd_driver.o
       680         62          0          1          0       2725   rtc.o
      1836        180          4         14          0      10640   selenoid.o
        56         26        192          0       1536        600   startup_stm32l053xx.o
       344         40         33          4          0       1983   system_stm32l0xx.o
      1452        294          0         64          0       9839   systick.o

    ----------------------------------------------------------------------
     48668       5532        289        864       2156     272678   Object Totals
         0          0         32          0          0          0   (incl. Generated)
        18          0          0          3          0          0   (incl. Padding)

    ----------------------------------------------------------------------

      Code (inc. data)   RO Data    RW Data    ZI Data      Debug   Library Member Name

        86          0          0          0          0          0   __dczerorl2.o
         8          0          0          0          0         68   __main.o
       108          0          0          0          0         76   __printf.o
         0          0          0          0          0          0   __rtentry.o
        12          0          0          0          0          0   __rtentry2.o
         6          0          0          0          0          0   __rtentry4.o
        60          8          0          0          0          0   __scatter.o
        28          0          0          0          0          0   __scatter_zi.o
        48          6          0          0          0         88   _printf_char_common.o
        10          0          0          0          0          0   _printf_d.o
       108         18          0          0          0         76   _printf_dec.o
       176          0          0          0          0         84   _printf_intcommon.o
         2          0          0          0          0          0   _printf_percent.o
         4          0          0          0          0          0   _printf_percent_end.o
        10          0          0          0          0         60   _sputc.o
        20          0          0          0          0         68   abort.o
       346          0          0          0          0         92   aeabi_sdiv.o
       124         42          0          0          0         68   assert.o
        20          0          0          0          0         68   assert_puts.o
        48         34          0          0          0         68   defsig_abrt_inner.o
        12          0          0          0          0         68   defsig_abrt_outer.o
        12          0          0          0          0         68   defsig_exit.o
        52          0          0          0          0         72   defsig_general.o
        16          0          0          0          0         68   exit.o
         6          0          0          0          0        136   heapauxi.o
         0          0          0          0          0          0   indicate_semi.o
        44         10        272          0          0         76   lc_ctype_c.o
         2          0          0          0          0          0   libinit.o
        20          0          0          0          0          0   libinit2.o
         2          0          0          0          0          0   libshutdown.o
         2          0          0          0          0          0   libshutdown2.o
         8          4          0          0         96         68   libspace.o
        40          4          0          0          0         84   noretval__2sprintf.o
        16          4          0          0          0         76   rt_ctype_table.o
         8          4          0          0          0         68   rt_locale_intlibspace.o
         2          0          0          0          0          0   rtexit.o
        10          0          0          0          0          0   rtexit2.o
        40          0          0          0          0         60   rtudiv10.o
       136          4          0          0          0         72   strcmp.o
        12          4          0          0          0         60   sys_exit.o
        62          0          0          0          0         80   sys_stackheap_outer.o
        12          0          0          0          0         68   sys_wrch.o
        30          0          0          0          0         68   toupper.o
         2          0          0          0          0         68   use_no_semi.o
        46          0          0          0          0         60   cmpret.o
       124          4          0          0          0         72   d2f.o
       856         20          0          0          0        208   daddsub.o
       144          4          0          0          0         76   dcmpin.o
      1096         26        128          0          0        112   ddiv.o
        72          4          0          0          0         68   dfixui.o
       100          4          0          0          0         92   dlef.o
        20          6          0          0          0         68   dnan2.o
       104          4          0          0          0        104   drlef.o
        84          4          0          0          0         60   f2d.o
       348          8          0          0          0        160   faddsub.o
       100          4          0          0          0         68   fcmpin.o
       352         10         64          0          0         92   fdiv.o
        94          0          0          0          0         92   fflti.o
       176          4          0          0          0         80   fmul.o
        16          6          0          0          0         68   fnan2.o
        88          4          0          0          0         76   frlef.o
        94          0          0          0          0         68   retnan.o
         0          0          0          0          0          0   usenofp.o
       200         20          0          0          0         76   ceil.o

    ----------------------------------------------------------------------
      5892        274        467          0        100       3776   Library Totals
         8          0          3          0          4          0   (incl. Padding)

    ----------------------------------------------------------------------

      Code (inc. data)   RO Data    RW Data    ZI Data      Debug   Library Name

      1770        142        272          0         96       2076   c_p.l
      3914        112        192          0          0       1624   fz_ps.l
       200         20          0          0          0         76   m_ps.l

    ----------------------------------------------------------------------
      5892        274        467          0        100       3776   Library Totals

    ----------------------------------------------------------------------

==============================================================================


      Code (inc. data)   RO Data    RW Data    ZI Data      Debug   

     54560       5806        756        864       2256     268278   Grand Totals
     54560       5806        756        112       2256     268278   ELF Image Totals (compressed)
     54560       5806        756        112          0          0   ROM Totals

==============================================================================

    Total RO  Size (Code + RO Data)                55316 (  54.02kB)
    Total RW  Size (RW Data + ZI Data)              3120 (   3.05kB)
    Total ROM Size (Code + RO Data + RW Data)      55428 (  54.13kB)

==============================================================================

